Nov 26 00:00:22 HelloKitty systemd[1]: rsyslog.service: Sent signal SIGHUP to main process 647 (rsyslogd) on client request.
Nov 26 00:00:22 HelloKitty systemd[1]: rsyslog.service: Sent signal SIGHUP to main process 647 (rsyslogd) on client request.
Nov 26 00:00:22 HelloKitty rsyslogd: [origin software="rsyslogd" swVersion="8.2112.0" x-pid="647" x-info="https://www.rsyslog.com"] rsyslogd was HUPed
Nov 26 00:00:22 HelloKitty systemd[1]: logrotate.service: Deactivated successfully.
Nov 26 00:00:22 HelloKitty systemd[1]: Finished Rotate log files.
Nov 26 00:02:27 HelloKitty kernel: [29942.573724] [UFW BLOCK] IN=eno1 OUT= MAC=01:00:5e:00:00:01:68:aa:c4:36:56:df:08:00 SRC=192.168.1.1 DST=224.0.0.1 LEN=32 TOS=0x00 PREC=0x00 TTL=1 ID=42086 DF PROTO=2 
Nov 26 00:04:32 HelloKitty kernel: [30067.581318] [UFW BLOCK] IN=eno1 OUT= MAC=01:00:5e:00:00:01:68:aa:c4:36:56:df:08:00 SRC=192.168.1.1 DST=224.0.0.1 LEN=32 TOS=0x00 PREC=0x00 TTL=1 ID=46009 DF PROTO=2 
Nov 26 00:06:37 HelloKitty kernel: [30192.588781] [UFW BLOCK] IN=eno1 OUT= MAC=01:00:5e:00:00:01:68:aa:c4:36:56:df:08:00 SRC=192.168.1.1 DST=224.0.0.1 LEN=32 TOS=0x00 PREC=0x00 TTL=1 ID=47117 DF PROTO=2 
Nov 26 00:08:42 HelloKitty kernel: [30317.606345] [UFW BLOCK] IN=eno1 OUT= MAC=01:00:5e:00:00:01:68:aa:c4:36:56:df:08:00 SRC=192.168.1.1 DST=224.0.0.1 LEN=32 TOS=0x00 PREC=0x00 TTL=1 ID=53027 DF PROTO=2 
Nov 26 00:10:47 HelloKitty kernel: [30442.623798] [UFW BLOCK] IN=eno1 OUT= MAC=01:00:5e:00:00:01:68:aa:c4:36:56:df:08:00 SRC=192.168.1.1 DST=224.0.0.1 LEN=32 TOS=0x00 PREC=0x00 TTL=1 ID=64862 DF PROTO=2 
Nov 26 00:12:52 HelloKitty kernel: [30567.631447] [UFW BLOCK] IN=eno1 OUT= MAC=01:00:5e:00:00:01:68:aa:c4:36:56:df:08:00 SRC=192.168.1.1 DST=224.0.0.1 LEN=32 TOS=0x00 PREC=0x00 TTL=1 ID=10432 DF PROTO=2 
Nov 26 00:14:57 HelloKitty kernel: [30692.648930] [UFW BLOCK] IN=eno1 OUT= MAC=01:00:5e:00:00:01:68:aa:c4:36:56:df:08:00 SRC=192.168.1.1 DST=224.0.0.1 LEN=32 TOS=0x00 PREC=0x00 TTL=1 ID=15124 DF PROTO=2 
Nov 26 00:15:12 HelloKitty NetworkManager[636]: <info>  [1700975712.5964] manager: NetworkManager state is now CONNECTED_SITE
Nov 26 00:15:12 HelloKitty dbus-daemon[635]: [system] Activating via systemd: service name='org.freedesktop.nm_dispatcher' unit='dbus-org.freedesktop.nm-dispatcher.service' requested by ':1.13' (uid=0 pid=636 comm="/usr/sbin/NetworkManager --no-daemon " label="unconfined")
Nov 26 00:15:12 HelloKitty systemd[1]: Starting Network Manager Script Dispatcher Service...
Nov 26 00:15:12 HelloKitty dbus-daemon[635]: [system] Successfully activated service 'org.freedesktop.nm_dispatcher'
Nov 26 00:15:12 HelloKitty systemd[1]: Started Network Manager Script Dispatcher Service.
Nov 26 00:15:12 HelloKitty NetworkManager[636]: <info>  [1700975712.7517] manager: NetworkManager state is now CONNECTED_GLOBAL
Nov 26 00:15:22 HelloKitty systemd[1]: NetworkManager-dispatcher.service: Deactivated successfully.
Nov 26 00:17:01 HelloKitty CRON[27165]: (root) CMD (   cd / && run-parts --report /etc/cron.hourly)
Nov 26 00:17:02 HelloKitty kernel: [30817.666469] [UFW BLOCK] IN=eno1 OUT= MAC=01:00:5e:00:00:01:68:aa:c4:36:56:df:08:00 SRC=192.168.1.1 DST=224.0.0.1 LEN=32 TOS=0x00 PREC=0x00 TTL=1 ID=20912 DF PROTO=2 
Nov 26 00:19:07 HelloKitty kernel: [30942.683992] [UFW BLOCK] IN=eno1 OUT= MAC=01:00:5e:00:00:01:68:aa:c4:36:56:df:08:00 SRC=192.168.1.1 DST=224.0.0.1 LEN=32 TOS=0x00 PREC=0x00 TTL=1 ID=22782 DF PROTO=2 
Nov 26 00:21:12 HelloKitty kernel: [31067.691640] [UFW BLOCK] IN=eno1 OUT= MAC=01:00:5e:00:00:01:68:aa:c4:36:56:df:08:00 SRC=192.168.1.1 DST=224.0.0.1 LEN=32 TOS=0x00 PREC=0x00 TTL=1 ID=29414 DF PROTO=2 
Nov 26 00:22:53 HelloKitty NetworkManager[636]: <info>  [1700976173.3460] dhcp4 (eno1): state changed new lease, address=192.168.1.183
Nov 26 00:23:17 HelloKitty kernel: [31192.709176] [UFW BLOCK] IN=eno1 OUT= MAC=01:00:5e:00:00:01:68:aa:c4:36:56:df:08:00 SRC=192.168.1.1 DST=224.0.0.1 LEN=32 TOS=0x00 PREC=0x00 TTL=1 ID=35437 DF PROTO=2 
Nov 26 00:25:22 HelloKitty kernel: [31317.726683] [UFW BLOCK] IN=eno1 OUT= MAC=01:00:5e:00:00:01:68:aa:c4:36:56:df:08:00 SRC=192.168.1.1 DST=224.0.0.1 LEN=32 TOS=0x00 PREC=0x00 TTL=1 ID=36970 DF PROTO=2 
Nov 26 00:27:27 HelloKitty kernel: [31442.744207] [UFW BLOCK] IN=eno1 OUT= MAC=01:00:5e:00:00:01:68:aa:c4:36:56:df:08:00 SRC=192.168.1.1 DST=224.0.0.1 LEN=32 TOS=0x00 PREC=0x00 TTL=1 ID=37538 DF PROTO=2 
Nov 26 00:29:32 HelloKitty kernel: [31567.751666] [UFW BLOCK] IN=eno1 OUT= MAC=01:00:5e:00:00:01:68:aa:c4:36:56:df:08:00 SRC=192.168.1.1 DST=224.0.0.1 LEN=32 TOS=0x00 PREC=0x00 TTL=1 ID=38259 DF PROTO=2 
Nov 26 00:31:37 HelloKitty kernel: [31692.769223] [UFW BLOCK] IN=eno1 OUT= MAC=01:00:5e:00:00:01:68:aa:c4:36:56:df:08:00 SRC=192.168.1.1 DST=224.0.0.1 LEN=32 TOS=0x00 PREC=0x00 TTL=1 ID=40138 DF PROTO=2 
Nov 26 00:33:42 HelloKitty kernel: [31817.786726] [UFW BLOCK] IN=eno1 OUT= MAC=01:00:5e:00:00:01:68:aa:c4:36:56:df:08:00 SRC=192.168.1.1 DST=224.0.0.1 LEN=32 TOS=0x00 PREC=0x00 TTL=1 ID=46164 DF PROTO=2 
Nov 26 00:35:47 HelloKitty kernel: [31942.794307] [UFW BLOCK] IN=eno1 OUT= MAC=01:00:5e:00:00:01:68:aa:c4:36:56:df:08:00 SRC=192.168.1.1 DST=224.0.0.1 LEN=32 TOS=0x00 PREC=0x00 TTL=1 ID=49103 DF PROTO=2 
Nov 26 00:37:52 HelloKitty kernel: [32067.801782] [UFW BLOCK] IN=eno1 OUT= MAC=01:00:5e:00:00:01:68:aa:c4:36:56:df:08:00 SRC=192.168.1.1 DST=224.0.0.1 LEN=32 TOS=0x00 PREC=0x00 TTL=1 ID=59928 DF PROTO=2 
Nov 26 00:39:57 HelloKitty kernel: [32192.809350] [UFW BLOCK] IN=eno1 OUT= MAC=01:00:5e:00:00:01:68:aa:c4:36:56:df:08:00 SRC=192.168.1.1 DST=224.0.0.1 LEN=32 TOS=0x00 PREC=0x00 TTL=1 ID=63783 DF PROTO=2 
Nov 26 00:42:02 HelloKitty kernel: [32317.826957] [UFW BLOCK] IN=eno1 OUT= MAC=01:00:5e:00:00:01:68:aa:c4:36:56:df:08:00 SRC=192.168.1.1 DST=224.0.0.1 LEN=32 TOS=0x00 PREC=0x00 TTL=1 ID=5433 DF PROTO=2 
Nov 26 00:44:07 HelloKitty kernel: [32442.844488] [UFW BLOCK] IN=eno1 OUT= MAC=01:00:5e:00:00:01:68:aa:c4:36:56:df:08:00 SRC=192.168.1.1 DST=224.0.0.1 LEN=32 TOS=0x00 PREC=0x00 TTL=1 ID=8307 DF PROTO=2 
Nov 26 00:45:32 HelloKitty NetworkManager[636]: <info>  [1700977532.5942] manager: NetworkManager state is now CONNECTED_SITE
Nov 26 00:45:32 HelloKitty dbus-daemon[635]: [system] Activating via systemd: service name='org.freedesktop.nm_dispatcher' unit='dbus-org.freedesktop.nm-dispatcher.service' requested by ':1.13' (uid=0 pid=636 comm="/usr/sbin/NetworkManager --no-daemon " label="unconfined")
Nov 26 00:45:32 HelloKitty systemd[1]: Starting Network Manager Script Dispatcher Service...
Nov 26 00:45:32 HelloKitty dbus-daemon[635]: [system] Successfully activated service 'org.freedesktop.nm_dispatcher'
Nov 26 00:45:32 HelloKitty systemd[1]: Started Network Manager Script Dispatcher Service.
Nov 26 00:45:32 HelloKitty NetworkManager[636]: <info>  [1700977532.6681] manager: NetworkManager state is now CONNECTED_GLOBAL
Nov 26 00:45:42 HelloKitty systemd[1]: NetworkManager-dispatcher.service: Deactivated successfully.
Nov 26 00:46:12 HelloKitty kernel: [32567.862052] [UFW BLOCK] IN=eno1 OUT= MAC=01:00:5e:00:00:01:68:aa:c4:36:56:df:08:00 SRC=192.168.1.1 DST=224.0.0.1 LEN=32 TOS=0x00 PREC=0x00 TTL=1 ID=13095 DF PROTO=2 
Nov 26 00:48:17 HelloKitty kernel: [32692.879585] [UFW BLOCK] IN=eno1 OUT= MAC=01:00:5e:00:00:01:68:aa:c4:36:56:df:08:00 SRC=192.168.1.1 DST=224.0.0.1 LEN=32 TOS=0x00 PREC=0x00 TTL=1 ID=15532 DF PROTO=2 
Nov 26 00:49:09 HelloKitty NetworkManager[636]: <info>  [1700977749.3465] dhcp4 (eno1): state changed new lease, address=192.168.1.183
Nov 26 00:50:22 HelloKitty kernel: [32817.897088] [UFW BLOCK] IN=eno1 OUT= MAC=01:00:5e:00:00:01:68:aa:c4:36:56:df:08:00 SRC=192.168.1.1 DST=224.0.0.1 LEN=32 TOS=0x00 PREC=0x00 TTL=1 ID=23573 DF PROTO=2 
Nov 26 00:52:27 HelloKitty kernel: [32942.904702] [UFW BLOCK] IN=eno1 OUT= MAC=01:00:5e:00:00:01:68:aa:c4:36:56:df:08:00 SRC=192.168.1.1 DST=224.0.0.1 LEN=32 TOS=0x00 PREC=0x00 TTL=1 ID=27889 DF PROTO=2 
Nov 26 00:54:32 HelloKitty kernel: [33067.922210] [UFW BLOCK] IN=eno1 OUT= MAC=01:00:5e:00:00:01:68:aa:c4:36:56:df:08:00 SRC=192.168.1.1 DST=224.0.0.1 LEN=32 TOS=0x00 PREC=0x00 TTL=1 ID=38185 DF PROTO=2 
Nov 26 00:56:37 HelloKitty kernel: [33192.929864] [UFW BLOCK] IN=eno1 OUT= MAC=01:00:5e:00:00:01:68:aa:c4:36:56:df:08:00 SRC=192.168.1.1 DST=224.0.0.1 LEN=32 TOS=0x00 PREC=0x00 TTL=1 ID=43427 DF PROTO=2 
Nov 26 00:58:42 HelloKitty kernel: [33317.937449] [UFW BLOCK] IN=eno1 OUT= MAC=01:00:5e:00:00:01:68:aa:c4:36:56:df:08:00 SRC=192.168.1.1 DST=224.0.0.1 LEN=32 TOS=0x00 PREC=0x00 TTL=1 ID=53770 DF PROTO=2 
Nov 26 01:00:47 HelloKitty kernel: [33442.954896] [UFW BLOCK] IN=eno1 OUT= MAC=01:00:5e:00:00:01:68:aa:c4:36:56:df:08:00 SRC=192.168.1.1 DST=224.0.0.1 LEN=32 TOS=0x00 PREC=0x00 TTL=1 ID=60360 DF PROTO=2 
Nov 26 01:02:52 HelloKitty kernel: [33567.972458] [UFW BLOCK] IN=eno1 OUT= MAC=01:00:5e:00:00:01:68:aa:c4:36:56:df:08:00 SRC=192.168.1.1 DST=224.0.0.1 LEN=32 TOS=0x00 PREC=0x00 TTL=1 ID=5827 DF PROTO=2 
Nov 26 01:04:57 HelloKitty kernel: [33692.990102] [UFW BLOCK] IN=eno1 OUT= MAC=01:00:5e:00:00:01:68:aa:c4:36:56:df:08:00 SRC=192.168.1.1 DST=224.0.0.1 LEN=32 TOS=0x00 PREC=0x00 TTL=1 ID=17774 DF PROTO=2 
Nov 26 01:07:02 HelloKitty kernel: [33818.007614] [UFW BLOCK] IN=eno1 OUT= MAC=01:00:5e:00:00:01:68:aa:c4:36:56:df:08:00 SRC=192.168.1.1 DST=224.0.0.1 LEN=32 TOS=0x00 PREC=0x00 TTL=1 ID=30190 DF PROTO=2 
Nov 26 01:09:07 HelloKitty kernel: [33943.015185] [UFW BLOCK] IN=eno1 OUT= MAC=01:00:5e:00:00:01:68:aa:c4:36:56:df:08:00 SRC=192.168.1.1 DST=224.0.0.1 LEN=32 TOS=0x00 PREC=0x00 TTL=1 ID=30212 DF PROTO=2 
Nov 26 01:11:12 HelloKitty kernel: [34068.032816] [UFW BLOCK] IN=eno1 OUT= MAC=01:00:5e:00:00:01:68:aa:c4:36:56:df:08:00 SRC=192.168.1.1 DST=224.0.0.1 LEN=32 TOS=0x00 PREC=0x00 TTL=1 ID=30529 DF PROTO=2 
Nov 26 01:13:17 HelloKitty kernel: [34193.040280] [UFW BLOCK] IN=eno1 OUT= MAC=01:00:5e:00:00:01:68:aa:c4:36:56:df:08:00 SRC=192.168.1.1 DST=224.0.0.1 LEN=32 TOS=0x00 PREC=0x00 TTL=1 ID=33885 DF PROTO=2 
Nov 26 01:15:22 HelloKitty kernel: [34318.047832] [UFW BLOCK] IN=eno1 OUT= MAC=01:00:5e:00:00:01:68:aa:c4:36:56:df:08:00 SRC=192.168.1.1 DST=224.0.0.1 LEN=32 TOS=0x00 PREC=0x00 TTL=1 ID=35720 DF PROTO=2 
Nov 26 01:16:10 HelloKitty NetworkManager[636]: <info>  [1700979370.3466] dhcp4 (eno1): state changed new lease, address=192.168.1.183
Nov 26 01:17:01 HelloKitty CRON[27202]: (root) CMD (   cd / && run-parts --report /etc/cron.hourly)
Nov 26 01:17:27 HelloKitty kernel: [34443.055366] [UFW BLOCK] IN=eno1 OUT= MAC=01:00:5e:00:00:01:68:aa:c4:36:56:df:08:00 SRC=192.168.1.1 DST=224.0.0.1 LEN=32 TOS=0x00 PREC=0x00 TTL=1 ID=42156 DF PROTO=2 
Nov 26 01:19:32 HelloKitty kernel: [34568.072970] [UFW BLOCK] IN=eno1 OUT= MAC=01:00:5e:00:00:01:68:aa:c4:36:56:df:08:00 SRC=192.168.1.1 DST=224.0.0.1 LEN=32 TOS=0x00 PREC=0x00 TTL=1 ID=53611 DF PROTO=2 
Nov 26 01:21:37 HelloKitty kernel: [34693.090498] [UFW BLOCK] IN=eno1 OUT= MAC=01:00:5e:00:00:01:68:aa:c4:36:56:df:08:00 SRC=192.168.1.1 DST=224.0.0.1 LEN=32 TOS=0x00 PREC=0x00 TTL=1 ID=65303 DF PROTO=2 
Nov 26 01:23:42 HelloKitty kernel: [34818.098076] [UFW BLOCK] IN=eno1 OUT= MAC=01:00:5e:00:00:01:68:aa:c4:36:56:df:08:00 SRC=192.168.1.1 DST=224.0.0.1 LEN=32 TOS=0x00 PREC=0x00 TTL=1 ID=11813 DF PROTO=2 
Nov 26 01:25:47 HelloKitty kernel: [34943.115602] [UFW BLOCK] IN=eno1 OUT= MAC=01:00:5e:00:00:01:68:aa:c4:36:56:df:08:00 SRC=192.168.1.1 DST=224.0.0.1 LEN=32 TOS=0x00 PREC=0x00 TTL=1 ID=12561 DF PROTO=2 
Nov 26 01:27:52 HelloKitty kernel: [35068.133159] [UFW BLOCK] IN=eno1 OUT= MAC=01:00:5e:00:00:01:68:aa:c4:36:56:df:08:00 SRC=192.168.1.1 DST=224.0.0.1 LEN=32 TOS=0x00 PREC=0x00 TTL=1 ID=21144 DF PROTO=2 
Nov 26 01:29:57 HelloKitty kernel: [35193.150630] [UFW BLOCK] IN=eno1 OUT= MAC=01:00:5e:00:00:01:68:aa:c4:36:56:df:08:00 SRC=192.168.1.1 DST=224.0.0.1 LEN=32 TOS=0x00 PREC=0x00 TTL=1 ID=31299 DF PROTO=2 
Nov 26 01:32:02 HelloKitty kernel: [35318.168165] [UFW BLOCK] IN=eno1 OUT= MAC=01:00:5e:00:00:01:68:aa:c4:36:56:df:08:00 SRC=192.168.1.1 DST=224.0.0.1 LEN=32 TOS=0x00 PREC=0x00 TTL=1 ID=37448 DF PROTO=2 
Nov 26 01:32:54 HelloKitty systemd[1]: Starting Daily apt download activities...
Nov 26 01:32:54 HelloKitty systemd[1]: Starting Update APT News...
Nov 26 01:32:54 HelloKitty systemd[1]: Starting Update the local ESM caches...
Nov 26 01:32:55 HelloKitty systemd[1]: apt-news.service: Deactivated successfully.
Nov 26 01:32:55 HelloKitty systemd[1]: Finished Update APT News.
Nov 26 01:32:55 HelloKitty systemd[1]: esm-cache.service: Deactivated successfully.
Nov 26 01:32:55 HelloKitty systemd[1]: Finished Update the local ESM caches.
Nov 26 01:33:02 HelloKitty systemd[1]: apt-daily.service: Deactivated successfully.
Nov 26 01:33:02 HelloKitty systemd[1]: Finished Daily apt download activities.
Nov 26 01:33:02 HelloKitty systemd[1]: apt-daily.service: Consumed 8.549s CPU time.
Nov 26 01:34:07 HelloKitty kernel: [35443.185678] [UFW BLOCK] IN=eno1 OUT= MAC=01:00:5e:00:00:01:68:aa:c4:36:56:df:08:00 SRC=192.168.1.1 DST=224.0.0.1 LEN=32 TOS=0x00 PREC=0x00 TTL=1 ID=37564 DF PROTO=2 
Nov 26 01:34:54 HelloKitty update-notifier.desktop[27787]: Error executing command as another user: Not authorized
Nov 26 01:34:54 HelloKitty update-notifier.desktop[27787]: This incident has been reported.
Nov 26 01:36:12 HelloKitty kernel: [35568.193380] [UFW BLOCK] IN=eno1 OUT= MAC=01:00:5e:00:00:01:68:aa:c4:36:56:df:08:00 SRC=192.168.1.1 DST=224.0.0.1 LEN=32 TOS=0x00 PREC=0x00 TTL=1 ID=45450 DF PROTO=2 
Nov 26 01:38:17 HelloKitty kernel: [35693.200762] [UFW BLOCK] IN=eno1 OUT= MAC=01:00:5e:00:00:01:68:aa:c4:36:56:df:08:00 SRC=192.168.1.1 DST=224.0.0.1 LEN=32 TOS=0x00 PREC=0x00 TTL=1 ID=46763 DF PROTO=2 
Nov 26 01:40:22 HelloKitty kernel: [35818.218285] [UFW BLOCK] IN=eno1 OUT= MAC=01:00:5e:00:00:01:68:aa:c4:36:56:df:08:00 SRC=192.168.1.1 DST=224.0.0.1 LEN=32 TOS=0x00 PREC=0x00 TTL=1 ID=49338 DF PROTO=2 
Nov 26 01:42:27 HelloKitty kernel: [35943.225809] [UFW BLOCK] IN=eno1 OUT= MAC=01:00:5e:00:00:01:68:aa:c4:36:56:df:08:00 SRC=192.168.1.1 DST=224.0.0.1 LEN=32 TOS=0x00 PREC=0x00 TTL=1 ID=56522 DF PROTO=2 
Nov 26 01:42:42 HelloKitty NetworkManager[636]: <info>  [1700980962.3460] dhcp4 (eno1): state changed new lease, address=192.168.1.183
Nov 26 01:44:32 HelloKitty kernel: [36068.233367] [UFW BLOCK] IN=eno1 OUT= MAC=01:00:5e:00:00:01:68:aa:c4:36:56:df:08:00 SRC=192.168.1.1 DST=224.0.0.1 LEN=32 TOS=0x00 PREC=0x00 TTL=1 ID=57868 DF PROTO=2 
Nov 26 01:46:37 HelloKitty kernel: [36193.250863] [UFW BLOCK] IN=eno1 OUT= MAC=01:00:5e:00:00:01:68:aa:c4:36:56:df:08:00 SRC=192.168.1.1 DST=224.0.0.1 LEN=32 TOS=0x00 PREC=0x00 TTL=1 ID=1389 DF PROTO=2 
Nov 26 01:48:42 HelloKitty kernel: [36318.268408] [UFW BLOCK] IN=eno1 OUT= MAC=01:00:5e:00:00:01:68:aa:c4:36:56:df:08:00 SRC=192.168.1.1 DST=224.0.0.1 LEN=32 TOS=0x00 PREC=0x00 TTL=1 ID=3136 DF PROTO=2 
Nov 26 01:50:47 HelloKitty kernel: [36443.276032] [UFW BLOCK] IN=eno1 OUT= MAC=01:00:5e:00:00:01:68:aa:c4:36:56:df:08:00 SRC=192.168.1.1 DST=224.0.0.1 LEN=32 TOS=0x00 PREC=0x00 TTL=1 ID=3874 DF PROTO=2 
Nov 26 01:52:52 HelloKitty kernel: [36568.293487] [UFW BLOCK] IN=eno1 OUT= MAC=01:00:5e:00:00:01:68:aa:c4:36:56:df:08:00 SRC=192.168.1.1 DST=224.0.0.1 LEN=32 TOS=0x00 PREC=0x00 TTL=1 ID=13264 DF PROTO=2 
Nov 26 01:54:57 HelloKitty kernel: [36693.300989] [UFW BLOCK] IN=eno1 OUT= MAC=01:00:5e:00:00:01:68:aa:c4:36:56:df:08:00 SRC=192.168.1.1 DST=224.0.0.1 LEN=32 TOS=0x00 PREC=0x00 TTL=1 ID=19669 DF PROTO=2 
Nov 26 01:57:02 HelloKitty kernel: [36818.308533] [UFW BLOCK] IN=eno1 OUT= MAC=01:00:5e:00:00:01:68:aa:c4:36:56:df:08:00 SRC=192.168.1.1 DST=224.0.0.1 LEN=32 TOS=0x00 PREC=0x00 TTL=1 ID=21313 DF PROTO=2 
Nov 26 01:59:07 HelloKitty kernel: [36943.316091] [UFW BLOCK] IN=eno1 OUT= MAC=01:00:5e:00:00:01:68:aa:c4:36:56:df:08:00 SRC=192.168.1.1 DST=224.0.0.1 LEN=32 TOS=0x00 PREC=0x00 TTL=1 ID=24600 DF PROTO=2 
Nov 26 02:01:12 HelloKitty kernel: [37068.323587] [UFW BLOCK] IN=eno1 OUT= MAC=01:00:5e:00:00:01:68:aa:c4:36:56:df:08:00 SRC=192.168.1.1 DST=224.0.0.1 LEN=32 TOS=0x00 PREC=0x00 TTL=1 ID=30169 DF PROTO=2 
Nov 26 02:03:17 HelloKitty kernel: [37193.341126] [UFW BLOCK] IN=eno1 OUT= MAC=01:00:5e:00:00:01:68:aa:c4:36:56:df:08:00 SRC=192.168.1.1 DST=224.0.0.1 LEN=32 TOS=0x00 PREC=0x00 TTL=1 ID=42390 DF PROTO=2 
Nov 26 02:05:23 HelloKitty kernel: [37318.358658] [UFW BLOCK] IN=eno1 OUT= MAC=01:00:5e:00:00:01:68:aa:c4:36:56:df:08:00 SRC=192.168.1.1 DST=224.0.0.1 LEN=32 TOS=0x00 PREC=0x00 TTL=1 ID=44924 DF PROTO=2 
Nov 26 02:07:28 HelloKitty kernel: [37443.366275] [UFW BLOCK] IN=eno1 OUT= MAC=01:00:5e:00:00:01:68:aa:c4:36:56:df:08:00 SRC=192.168.1.1 DST=224.0.0.1 LEN=32 TOS=0x00 PREC=0x00 TTL=1 ID=50034 DF PROTO=2 
Nov 26 02:09:03 HelloKitty NetworkManager[636]: <info>  [1700982543.3460] dhcp4 (eno1): state changed new lease, address=192.168.1.183
Nov 26 02:09:33 HelloKitty kernel: [37568.373799] [UFW BLOCK] IN=eno1 OUT= MAC=01:00:5e:00:00:01:68:aa:c4:36:56:df:08:00 SRC=192.168.1.1 DST=224.0.0.1 LEN=32 TOS=0x00 PREC=0x00 TTL=1 ID=54901 DF PROTO=2 
Nov 26 02:11:38 HelloKitty kernel: [37693.391259] [UFW BLOCK] IN=eno1 OUT= MAC=01:00:5e:00:00:01:68:aa:c4:36:56:df:08:00 SRC=192.168.1.1 DST=224.0.0.1 LEN=32 TOS=0x00 PREC=0x00 TTL=1 ID=57646 DF PROTO=2 
Nov 26 02:12:22 HelloKitty systemd[1]: Starting Message of the Day...
Nov 26 02:12:22 HelloKitty systemd[1]: motd-news.service: Deactivated successfully.
Nov 26 02:12:22 HelloKitty systemd[1]: Finished Message of the Day.
Nov 26 02:13:43 HelloKitty kernel: [37818.398819] [UFW BLOCK] IN=eno1 OUT= MAC=01:00:5e:00:00:01:68:aa:c4:36:56:df:08:00 SRC=192.168.1.1 DST=224.0.0.1 LEN=32 TOS=0x00 PREC=0x00 TTL=1 ID=60571 DF PROTO=2 
Nov 26 02:15:48 HelloKitty kernel: [37943.416378] [UFW BLOCK] IN=eno1 OUT= MAC=01:00:5e:00:00:01:68:aa:c4:36:56:df:08:00 SRC=192.168.1.1 DST=224.0.0.1 LEN=32 TOS=0x00 PREC=0x00 TTL=1 ID=259 DF PROTO=2 
Nov 26 02:17:01 HelloKitty CRON[27811]: (root) CMD (   cd / && run-parts --report /etc/cron.hourly)
Nov 26 02:17:53 HelloKitty kernel: [38068.423980] [UFW BLOCK] IN=eno1 OUT= MAC=01:00:5e:00:00:01:68:aa:c4:36:56:df:08:00 SRC=192.168.1.1 DST=224.0.0.1 LEN=32 TOS=0x00 PREC=0x00 TTL=1 ID=9919 DF PROTO=2 
Nov 26 02:19:58 HelloKitty kernel: [38193.441473] [UFW BLOCK] IN=eno1 OUT= MAC=01:00:5e:00:00:01:68:aa:c4:36:56:df:08:00 SRC=192.168.1.1 DST=224.0.0.1 LEN=32 TOS=0x00 PREC=0x00 TTL=1 ID=12772 DF PROTO=2 
Nov 26 02:22:03 HelloKitty kernel: [38318.449022] [UFW BLOCK] IN=eno1 OUT= MAC=01:00:5e:00:00:01:68:aa:c4:36:56:df:08:00 SRC=192.168.1.1 DST=224.0.0.1 LEN=32 TOS=0x00 PREC=0x00 TTL=1 ID=23638 DF PROTO=2 
Nov 26 02:24:08 HelloKitty kernel: [38443.456576] [UFW BLOCK] IN=eno1 OUT= MAC=01:00:5e:00:00:01:68:aa:c4:36:56:df:08:00 SRC=192.168.1.1 DST=224.0.0.1 LEN=32 TOS=0x00 PREC=0x00 TTL=1 ID=27045 DF PROTO=2 
Nov 26 02:26:13 HelloKitty kernel: [38568.474090] [UFW BLOCK] IN=eno1 OUT= MAC=01:00:5e:00:00:01:68:aa:c4:36:56:df:08:00 SRC=192.168.1.1 DST=224.0.0.1 LEN=32 TOS=0x00 PREC=0x00 TTL=1 ID=30596 DF PROTO=2 
Nov 26 02:28:18 HelloKitty kernel: [38693.481793] [UFW BLOCK] IN=eno1 OUT= MAC=01:00:5e:00:00:01:68:aa:c4:36:56:df:08:00 SRC=192.168.1.1 DST=224.0.0.1 LEN=32 TOS=0x00 PREC=0x00 TTL=1 ID=37266 DF PROTO=2 
Nov 26 02:30:23 HelloKitty kernel: [38818.489276] [UFW BLOCK] IN=eno1 OUT= MAC=01:00:5e:00:00:01:68:aa:c4:36:56:df:08:00 SRC=192.168.1.1 DST=224.0.0.1 LEN=32 TOS=0x00 PREC=0x00 TTL=1 ID=48029 DF PROTO=2 
Nov 26 02:32:28 HelloKitty kernel: [38943.496740] [UFW BLOCK] IN=eno1 OUT= MAC=01:00:5e:00:00:01:68:aa:c4:36:56:df:08:00 SRC=192.168.1.1 DST=224.0.0.1 LEN=32 TOS=0x00 PREC=0x00 TTL=1 ID=54604 DF PROTO=2 
Nov 26 02:34:33 HelloKitty kernel: [39068.514343] [UFW BLOCK] IN=eno1 OUT= MAC=01:00:5e:00:00:01:68:aa:c4:36:56:df:08:00 SRC=192.168.1.1 DST=224.0.0.1 LEN=32 TOS=0x00 PREC=0x00 TTL=1 ID=63909 DF PROTO=2 
Nov 26 02:36:23 HelloKitty NetworkManager[636]: <info>  [1700984183.3466] dhcp4 (eno1): state changed new lease, address=192.168.1.183
Nov 26 02:36:38 HelloKitty kernel: [39193.521806] [UFW BLOCK] IN=eno1 OUT= MAC=01:00:5e:00:00:01:68:aa:c4:36:56:df:08:00 SRC=192.168.1.1 DST=224.0.0.1 LEN=32 TOS=0x00 PREC=0x00 TTL=1 ID=5316 DF PROTO=2 
Nov 26 02:38:43 HelloKitty kernel: [39318.539539] [UFW BLOCK] IN=eno1 OUT= MAC=01:00:5e:00:00:01:68:aa:c4:36:56:df:08:00 SRC=192.168.1.1 DST=224.0.0.1 LEN=32 TOS=0x00 PREC=0x00 TTL=1 ID=15796 DF PROTO=2 
Nov 26 02:40:48 HelloKitty kernel: [39443.557042] [UFW BLOCK] IN=eno1 OUT= MAC=01:00:5e:00:00:01:68:aa:c4:36:56:df:08:00 SRC=192.168.1.1 DST=224.0.0.1 LEN=32 TOS=0x00 PREC=0x00 TTL=1 ID=24403 DF PROTO=2 
Nov 26 02:42:53 HelloKitty kernel: [39568.574618] [UFW BLOCK] IN=eno1 OUT= MAC=01:00:5e:00:00:01:68:aa:c4:36:56:df:08:00 SRC=192.168.1.1 DST=224.0.0.1 LEN=32 TOS=0x00 PREC=0x00 TTL=1 ID=36305 DF PROTO=2 
Nov 26 02:44:58 HelloKitty kernel: [39693.592016] [UFW BLOCK] IN=eno1 OUT= MAC=01:00:5e:00:00:01:68:aa:c4:36:56:df:08:00 SRC=192.168.1.1 DST=224.0.0.1 LEN=32 TOS=0x00 PREC=0x00 TTL=1 ID=39530 DF PROTO=2 
Nov 26 02:47:03 HelloKitty kernel: [39818.609610] [UFW BLOCK] IN=eno1 OUT= MAC=01:00:5e:00:00:01:68:aa:c4:36:56:df:08:00 SRC=192.168.1.1 DST=224.0.0.1 LEN=32 TOS=0x00 PREC=0x00 TTL=1 ID=49490 DF PROTO=2 
Nov 26 02:49:08 HelloKitty kernel: [39943.627201] [UFW BLOCK] IN=eno1 OUT= MAC=01:00:5e:00:00:01:68:aa:c4:36:56:df:08:00 SRC=192.168.1.1 DST=224.0.0.1 LEN=32 TOS=0x00 PREC=0x00 TTL=1 ID=61940 DF PROTO=2 
Nov 26 02:51:13 HelloKitty kernel: [40068.634749] [UFW BLOCK] IN=eno1 OUT= MAC=01:00:5e:00:00:01:68:aa:c4:36:56:df:08:00 SRC=192.168.1.1 DST=224.0.0.1 LEN=32 TOS=0x00 PREC=0x00 TTL=1 ID=62456 DF PROTO=2 
Nov 26 02:53:18 HelloKitty kernel: [40193.642444] [UFW BLOCK] IN=eno1 OUT= MAC=01:00:5e:00:00:01:68:aa:c4:36:56:df:08:00 SRC=192.168.1.1 DST=224.0.0.1 LEN=32 TOS=0x00 PREC=0x00 TTL=1 ID=6211 DF PROTO=2 
Nov 26 02:55:23 HelloKitty kernel: [40318.660022] [UFW BLOCK] IN=eno1 OUT= MAC=01:00:5e:00:00:01:68:aa:c4:36:56:df:08:00 SRC=192.168.1.1 DST=224.0.0.1 LEN=32 TOS=0x00 PREC=0x00 TTL=1 ID=18010 DF PROTO=2 
Nov 26 02:57:28 HelloKitty kernel: [40443.677447] [UFW BLOCK] IN=eno1 OUT= MAC=01:00:5e:00:00:01:68:aa:c4:36:56:df:08:00 SRC=192.168.1.1 DST=224.0.0.1 LEN=32 TOS=0x00 PREC=0x00 TTL=1 ID=19931 DF PROTO=2 
Nov 26 02:59:33 HelloKitty kernel: [40568.695010] [UFW BLOCK] IN=eno1 OUT= MAC=01:00:5e:00:00:01:68:aa:c4:36:56:df:08:00 SRC=192.168.1.1 DST=224.0.0.1 LEN=32 TOS=0x00 PREC=0x00 TTL=1 ID=31707 DF PROTO=2 
Nov 26 03:01:38 HelloKitty kernel: [40693.702560] [UFW BLOCK] IN=eno1 OUT= MAC=01:00:5e:00:00:01:68:aa:c4:36:56:df:08:00 SRC=192.168.1.1 DST=224.0.0.1 LEN=32 TOS=0x00 PREC=0x00 TTL=1 ID=41000 DF PROTO=2 
Nov 26 03:03:33 HelloKitty NetworkManager[636]: <info>  [1700985813.3465] dhcp4 (eno1): state changed new lease, address=192.168.1.183
Nov 26 03:03:43 HelloKitty kernel: [40818.720125] [UFW BLOCK] IN=eno1 OUT= MAC=01:00:5e:00:00:01:68:aa:c4:36:56:df:08:00 SRC=192.168.1.1 DST=224.0.0.1 LEN=32 TOS=0x00 PREC=0x00 TTL=1 ID=42445 DF PROTO=2 
Nov 26 03:05:48 HelloKitty kernel: [40943.727678] [UFW BLOCK] IN=eno1 OUT= MAC=01:00:5e:00:00:01:68:aa:c4:36:56:df:08:00 SRC=192.168.1.1 DST=224.0.0.1 LEN=32 TOS=0x00 PREC=0x00 TTL=1 ID=52676 DF PROTO=2 
Nov 26 03:07:53 HelloKitty kernel: [41068.735210] [UFW BLOCK] IN=eno1 OUT= MAC=01:00:5e:00:00:01:68:aa:c4:36:56:df:08:00 SRC=192.168.1.1 DST=224.0.0.1 LEN=32 TOS=0x00 PREC=0x00 TTL=1 ID=64173 DF PROTO=2 
Nov 26 03:09:58 HelloKitty kernel: [41193.752753] [UFW BLOCK] IN=eno1 OUT= MAC=01:00:5e:00:00:01:68:aa:c4:36:56:df:08:00 SRC=192.168.1.1 DST=224.0.0.1 LEN=32 TOS=0x00 PREC=0x00 TTL=1 ID=5378 DF PROTO=2 
Nov 26 03:10:01 HelloKitty CRON[27835]: (root) CMD (test -e /run/systemd/system || SERVICE_MODE=1 /sbin/e2scrub_all -A -r)
Nov 26 03:10:48 HelloKitty systemd[1]: Starting Online ext4 Metadata Check for All Filesystems...
Nov 26 03:10:48 HelloKitty systemd[1]: e2scrub_all.service: Deactivated successfully.
Nov 26 03:10:48 HelloKitty systemd[1]: Finished Online ext4 Metadata Check for All Filesystems.
Nov 26 03:12:03 HelloKitty kernel: [41318.760391] [UFW BLOCK] IN=eno1 OUT= MAC=01:00:5e:00:00:01:68:aa:c4:36:56:df:08:00 SRC=192.168.1.1 DST=224.0.0.1 LEN=32 TOS=0x00 PREC=0x00 TTL=1 ID=6514 DF PROTO=2 
Nov 26 03:14:08 HelloKitty kernel: [41443.777910] [UFW BLOCK] IN=eno1 OUT= MAC=01:00:5e:00:00:01:68:aa:c4:36:56:df:08:00 SRC=192.168.1.1 DST=224.0.0.1 LEN=32 TOS=0x00 PREC=0x00 TTL=1 ID=9662 DF PROTO=2 
Nov 26 03:16:13 HelloKitty kernel: [41568.795412] [UFW BLOCK] IN=eno1 OUT= MAC=01:00:5e:00:00:01:68:aa:c4:36:56:df:08:00 SRC=192.168.1.1 DST=224.0.0.1 LEN=32 TOS=0x00 PREC=0x00 TTL=1 ID=13550 DF PROTO=2 
Nov 26 03:17:01 HelloKitty CRON[27842]: (root) CMD (   cd / && run-parts --report /etc/cron.hourly)
Nov 26 03:18:18 HelloKitty kernel: [41693.802902] [UFW BLOCK] IN=eno1 OUT= MAC=01:00:5e:00:00:01:68:aa:c4:36:56:df:08:00 SRC=192.168.1.1 DST=224.0.0.1 LEN=32 TOS=0x00 PREC=0x00 TTL=1 ID=15099 DF PROTO=2 
Nov 26 03:20:23 HelloKitty kernel: [41818.810494] [UFW BLOCK] IN=eno1 OUT= MAC=01:00:5e:00:00:01:68:aa:c4:36:56:df:08:00 SRC=192.168.1.1 DST=224.0.0.1 LEN=32 TOS=0x00 PREC=0x00 TTL=1 ID=22668 DF PROTO=2 
Nov 26 03:22:28 HelloKitty kernel: [41943.817956] [UFW BLOCK] IN=eno1 OUT= MAC=01:00:5e:00:00:01:68:aa:c4:36:56:df:08:00 SRC=192.168.1.1 DST=224.0.0.1 LEN=32 TOS=0x00 PREC=0x00 TTL=1 ID=32883 DF PROTO=2 
Nov 26 03:24:33 HelloKitty kernel: [42068.825621] [UFW BLOCK] IN=eno1 OUT= MAC=01:00:5e:00:00:01:68:aa:c4:36:56:df:08:00 SRC=192.168.1.1 DST=224.0.0.1 LEN=32 TOS=0x00 PREC=0x00 TTL=1 ID=43083 DF PROTO=2 
Nov 26 03:26:38 HelloKitty kernel: [42193.843085] [UFW BLOCK] IN=eno1 OUT= MAC=01:00:5e:00:00:01:68:aa:c4:36:56:df:08:00 SRC=192.168.1.1 DST=224.0.0.1 LEN=32 TOS=0x00 PREC=0x00 TTL=1 ID=48373 DF PROTO=2 
Nov 26 03:28:43 HelloKitty kernel: [42318.850613] [UFW BLOCK] IN=eno1 OUT= MAC=01:00:5e:00:00:01:68:aa:c4:36:56:df:08:00 SRC=192.168.1.1 DST=224.0.0.1 LEN=32 TOS=0x00 PREC=0x00 TTL=1 ID=52295 DF PROTO=2 
Nov 26 03:30:01 HelloKitty CRON[27850]: (root) CMD (test -e /run/systemd/system || SERVICE_MODE=1 /usr/lib/x86_64-linux-gnu/e2fsprogs/e2scrub_all_cron)
Nov 26 03:30:14 HelloKitty NetworkManager[636]: <info>  [1700987414.3461] dhcp4 (eno1): state changed new lease, address=192.168.1.183
Nov 26 03:30:48 HelloKitty kernel: [42443.868168] [UFW BLOCK] IN=eno1 OUT= MAC=01:00:5e:00:00:01:68:aa:c4:36:56:df:08:00 SRC=192.168.1.1 DST=224.0.0.1 LEN=32 TOS=0x00 PREC=0x00 TTL=1 ID=52727 DF PROTO=2 
Nov 26 03:32:53 HelloKitty kernel: [42568.875618] [UFW BLOCK] IN=eno1 OUT= MAC=01:00:5e:00:00:01:68:aa:c4:36:56:df:08:00 SRC=192.168.1.1 DST=224.0.0.1 LEN=32 TOS=0x00 PREC=0x00 TTL=1 ID=63153 DF PROTO=2 
Nov 26 03:34:58 HelloKitty kernel: [42693.883275] [UFW BLOCK] IN=eno1 OUT= MAC=01:00:5e:00:00:01:68:aa:c4:36:56:df:08:00 SRC=192.168.1.1 DST=224.0.0.1 LEN=32 TOS=0x00 PREC=0x00 TTL=1 ID=174 DF PROTO=2 
Nov 26 03:37:03 HelloKitty kernel: [42818.890707] [UFW BLOCK] IN=eno1 OUT= MAC=01:00:5e:00:00:01:68:aa:c4:36:56:df:08:00 SRC=192.168.1.1 DST=224.0.0.1 LEN=32 TOS=0x00 PREC=0x00 TTL=1 ID=1747 DF PROTO=2 
Nov 26 03:39:08 HelloKitty kernel: [42943.908363] [UFW BLOCK] IN=eno1 OUT= MAC=01:00:5e:00:00:01:68:aa:c4:36:56:df:08:00 SRC=192.168.1.1 DST=224.0.0.1 LEN=32 TOS=0x00 PREC=0x00 TTL=1 ID=13357 DF PROTO=2 
Nov 26 03:41:13 HelloKitty kernel: [43068.915815] [UFW BLOCK] IN=eno1 OUT= MAC=01:00:5e:00:00:01:68:aa:c4:36:56:df:08:00 SRC=192.168.1.1 DST=224.0.0.1 LEN=32 TOS=0x00 PREC=0x00 TTL=1 ID=18005 DF PROTO=2 
Nov 26 03:43:18 HelloKitty kernel: [43193.933314] [UFW BLOCK] IN=eno1 OUT= MAC=01:00:5e:00:00:01:68:aa:c4:36:56:df:08:00 SRC=192.168.1.1 DST=224.0.0.1 LEN=32 TOS=0x00 PREC=0x00 TTL=1 ID=21163 DF PROTO=2 
Nov 26 03:43:38 HelloKitty snapd[661]: storehelpers.go:773: cannot refresh: snap has no updates available: "bare", "core20", "core22", "curl", "firefox", "gnome-3-38-2004", "gnome-42-2204", "gtk-common-themes", "snap-store", "snapd", "snapd-desktop-integration"
Nov 26 03:45:23 HelloKitty kernel: [43318.940945] [UFW BLOCK] IN=eno1 OUT= MAC=01:00:5e:00:00:01:68:aa:c4:36:56:df:08:00 SRC=192.168.1.1 DST=224.0.0.1 LEN=32 TOS=0x00 PREC=0x00 TTL=1 ID=29440 DF PROTO=2 
Nov 26 03:47:28 HelloKitty kernel: [43443.958378] [UFW BLOCK] IN=eno1 OUT= MAC=01:00:5e:00:00:01:68:aa:c4:36:56:df:08:00 SRC=192.168.1.1 DST=224.0.0.1 LEN=32 TOS=0x00 PREC=0x00 TTL=1 ID=30593 DF PROTO=2 
Nov 26 03:49:33 HelloKitty kernel: [43568.976045] [UFW BLOCK] IN=eno1 OUT= MAC=01:00:5e:00:00:01:68:aa:c4:36:56:df:08:00 SRC=192.168.1.1 DST=224.0.0.1 LEN=32 TOS=0x00 PREC=0x00 TTL=1 ID=30746 DF PROTO=2 
Nov 26 03:51:38 HelloKitty kernel: [43693.983433] [UFW BLOCK] IN=eno1 OUT= MAC=01:00:5e:00:00:01:68:aa:c4:36:56:df:08:00 SRC=192.168.1.1 DST=224.0.0.1 LEN=32 TOS=0x00 PREC=0x00 TTL=1 ID=35248 DF PROTO=2 
Nov 26 03:53:43 HelloKitty kernel: [43818.991066] [UFW BLOCK] IN=eno1 OUT= MAC=01:00:5e:00:00:01:68:aa:c4:36:56:df:08:00 SRC=192.168.1.1 DST=224.0.0.1 LEN=32 TOS=0x00 PREC=0x00 TTL=1 ID=42594 DF PROTO=2 
Nov 26 03:55:48 HelloKitty kernel: [43943.998532] [UFW BLOCK] IN=eno1 OUT= MAC=01:00:5e:00:00:01:68:aa:c4:36:56:df:08:00 SRC=192.168.1.1 DST=224.0.0.1 LEN=32 TOS=0x00 PREC=0x00 TTL=1 ID=43842 DF PROTO=2 
Nov 26 03:56:52 HelloKitty NetworkManager[636]: <info>  [1700989012.3470] dhcp4 (eno1): state changed new lease, address=192.168.1.183
Nov 26 03:57:53 HelloKitty kernel: [44069.016097] [UFW BLOCK] IN=eno1 OUT= MAC=01:00:5e:00:00:01:68:aa:c4:36:56:df:08:00 SRC=192.168.1.1 DST=224.0.0.1 LEN=32 TOS=0x00 PREC=0x00 TTL=1 ID=50347 DF PROTO=2 
Nov 26 03:59:58 HelloKitty kernel: [44194.033708] [UFW BLOCK] IN=eno1 OUT= MAC=01:00:5e:00:00:01:68:aa:c4:36:56:df:08:00 SRC=192.168.1.1 DST=224.0.0.1 LEN=32 TOS=0x00 PREC=0x00 TTL=1 ID=50537 DF PROTO=2 
Nov 26 04:02:03 HelloKitty kernel: [44319.051970] [UFW BLOCK] IN=eno1 OUT= MAC=01:00:5e:00:00:01:68:aa:c4:36:56:df:08:00 SRC=192.168.1.1 DST=224.0.0.1 LEN=32 TOS=0x00 PREC=0x00 TTL=1 ID=60446 DF PROTO=2 
Nov 26 04:04:08 HelloKitty kernel: [44444.068714] [UFW BLOCK] IN=eno1 OUT= MAC=01:00:5e:00:00:01:68:aa:c4:36:56:df:08:00 SRC=192.168.1.1 DST=224.0.0.1 LEN=32 TOS=0x00 PREC=0x00 TTL=1 ID=62517 DF PROTO=2 
Nov 26 04:06:13 HelloKitty kernel: [44569.076195] [UFW BLOCK] IN=eno1 OUT= MAC=01:00:5e:00:00:01:68:aa:c4:36:56:df:08:00 SRC=192.168.1.1 DST=224.0.0.1 LEN=32 TOS=0x00 PREC=0x00 TTL=1 ID=64560 DF PROTO=2 
Nov 26 04:08:18 HelloKitty kernel: [44694.083774] [UFW BLOCK] IN=eno1 OUT= MAC=01:00:5e:00:00:01:68:aa:c4:36:56:df:08:00 SRC=192.168.1.1 DST=224.0.0.1 LEN=32 TOS=0x00 PREC=0x00 TTL=1 ID=8001 DF PROTO=2 
Nov 26 04:10:23 HelloKitty kernel: [44819.091288] [UFW BLOCK] IN=eno1 OUT= MAC=01:00:5e:00:00:01:68:aa:c4:36:56:df:08:00 SRC=192.168.1.1 DST=224.0.0.1 LEN=32 TOS=0x00 PREC=0x00 TTL=1 ID=17871 DF PROTO=2 
Nov 26 04:12:28 HelloKitty kernel: [44944.108821] [UFW BLOCK] IN=eno1 OUT= MAC=01:00:5e:00:00:01:68:aa:c4:36:56:df:08:00 SRC=192.168.1.1 DST=224.0.0.1 LEN=32 TOS=0x00 PREC=0x00 TTL=1 ID=18301 DF PROTO=2 
Nov 26 04:14:33 HelloKitty kernel: [45069.126422] [UFW BLOCK] IN=eno1 OUT= MAC=01:00:5e:00:00:01:68:aa:c4:36:56:df:08:00 SRC=192.168.1.1 DST=224.0.0.1 LEN=32 TOS=0x00 PREC=0x00 TTL=1 ID=20971 DF PROTO=2 
Nov 26 04:16:38 HelloKitty kernel: [45194.143932] [UFW BLOCK] IN=eno1 OUT= MAC=01:00:5e:00:00:01:68:aa:c4:36:56:df:08:00 SRC=192.168.1.1 DST=224.0.0.1 LEN=32 TOS=0x00 PREC=0x00 TTL=1 ID=29205 DF PROTO=2 
Nov 26 04:17:01 HelloKitty CRON[27871]: (root) CMD (   cd / && run-parts --report /etc/cron.hourly)
Nov 26 04:18:43 HelloKitty kernel: [45319.161575] [UFW BLOCK] IN=eno1 OUT= MAC=01:00:5e:00:00:01:68:aa:c4:36:56:df:08:00 SRC=192.168.1.1 DST=224.0.0.1 LEN=32 TOS=0x00 PREC=0x00 TTL=1 ID=32294 DF PROTO=2 
Nov 26 04:20:48 HelloKitty kernel: [45444.179144] [UFW BLOCK] IN=eno1 OUT= MAC=01:00:5e:00:00:01:68:aa:c4:36:56:df:08:00 SRC=192.168.1.1 DST=224.0.0.1 LEN=32 TOS=0x00 PREC=0x00 TTL=1 ID=36556 DF PROTO=2 
Nov 26 04:22:53 HelloKitty kernel: [45569.196670] [UFW BLOCK] IN=eno1 OUT= MAC=01:00:5e:00:00:01:68:aa:c4:36:56:df:08:00 SRC=192.168.1.1 DST=224.0.0.1 LEN=32 TOS=0x00 PREC=0x00 TTL=1 ID=41924 DF PROTO=2 
Nov 26 04:23:40 HelloKitty NetworkManager[636]: <info>  [1700990620.3466] dhcp4 (eno1): state changed new lease, address=192.168.1.183
Nov 26 04:24:58 HelloKitty kernel: [45694.214128] [UFW BLOCK] IN=eno1 OUT= MAC=01:00:5e:00:00:01:68:aa:c4:36:56:df:08:00 SRC=192.168.1.1 DST=224.0.0.1 LEN=32 TOS=0x00 PREC=0x00 TTL=1 ID=52842 DF PROTO=2 
Nov 26 04:27:03 HelloKitty kernel: [45819.231698] [UFW BLOCK] IN=eno1 OUT= MAC=01:00:5e:00:00:01:68:aa:c4:36:56:df:08:00 SRC=192.168.1.1 DST=224.0.0.1 LEN=32 TOS=0x00 PREC=0x00 TTL=1 ID=61972 DF PROTO=2 
Nov 26 04:29:08 HelloKitty kernel: [45944.249207] [UFW BLOCK] IN=eno1 OUT= MAC=01:00:5e:00:00:01:68:aa:c4:36:56:df:08:00 SRC=192.168.1.1 DST=224.0.0.1 LEN=32 TOS=0x00 PREC=0x00 TTL=1 ID=4447 DF PROTO=2 
Nov 26 04:31:13 HelloKitty kernel: [46069.256843] [UFW BLOCK] IN=eno1 OUT= MAC=01:00:5e:00:00:01:68:aa:c4:36:56:df:08:00 SRC=192.168.1.1 DST=224.0.0.1 LEN=32 TOS=0x00 PREC=0x00 TTL=1 ID=7832 DF PROTO=2 
Nov 26 04:33:18 HelloKitty kernel: [46194.264442] [UFW BLOCK] IN=eno1 OUT= MAC=01:00:5e:00:00:01:68:aa:c4:36:56:df:08:00 SRC=192.168.1.1 DST=224.0.0.1 LEN=32 TOS=0x00 PREC=0x00 TTL=1 ID=9007 DF PROTO=2 
Nov 26 04:35:23 HelloKitty kernel: [46319.271909] [UFW BLOCK] IN=eno1 OUT= MAC=01:00:5e:00:00:01:68:aa:c4:36:56:df:08:00 SRC=192.168.1.1 DST=224.0.0.1 LEN=32 TOS=0x00 PREC=0x00 TTL=1 ID=13141 DF PROTO=2 
Nov 26 04:37:28 HelloKitty kernel: [46444.279581] [UFW BLOCK] IN=eno1 OUT= MAC=01:00:5e:00:00:01:68:aa:c4:36:56:df:08:00 SRC=192.168.1.1 DST=224.0.0.1 LEN=32 TOS=0x00 PREC=0x00 TTL=1 ID=22742 DF PROTO=2 
Nov 26 04:39:33 HelloKitty kernel: [46569.287101] [UFW BLOCK] IN=eno1 OUT= MAC=01:00:5e:00:00:01:68:aa:c4:36:56:df:08:00 SRC=192.168.1.1 DST=224.0.0.1 LEN=32 TOS=0x00 PREC=0x00 TTL=1 ID=33807 DF PROTO=2 
Nov 26 04:41:38 HelloKitty kernel: [46694.294632] [UFW BLOCK] IN=eno1 OUT= MAC=01:00:5e:00:00:01:68:aa:c4:36:56:df:08:00 SRC=192.168.1.1 DST=224.0.0.1 LEN=32 TOS=0x00 PREC=0x00 TTL=1 ID=34031 DF PROTO=2 
Nov 26 04:43:43 HelloKitty kernel: [46819.302243] [UFW BLOCK] IN=eno1 OUT= MAC=01:00:5e:00:00:01:68:aa:c4:36:56:df:08:00 SRC=192.168.1.1 DST=224.0.0.1 LEN=32 TOS=0x00 PREC=0x00 TTL=1 ID=37680 DF PROTO=2 
Nov 26 04:45:48 HelloKitty kernel: [46944.319773] [UFW BLOCK] IN=eno1 OUT= MAC=01:00:5e:00:00:01:68:aa:c4:36:56:df:08:00 SRC=192.168.1.1 DST=224.0.0.1 LEN=32 TOS=0x00 PREC=0x00 TTL=1 ID=43758 DF PROTO=2 
Nov 26 04:47:53 HelloKitty kernel: [47069.337364] [UFW BLOCK] IN=eno1 OUT= MAC=01:00:5e:00:00:01:68:aa:c4:36:56:df:08:00 SRC=192.168.1.1 DST=224.0.0.1 LEN=32 TOS=0x00 PREC=0x00 TTL=1 ID=48557 DF PROTO=2 
Nov 26 04:49:59 HelloKitty kernel: [47194.344932] [UFW BLOCK] IN=eno1 OUT= MAC=01:00:5e:00:00:01:68:aa:c4:36:56:df:08:00 SRC=192.168.1.1 DST=224.0.0.1 LEN=32 TOS=0x00 PREC=0x00 TTL=1 ID=53539 DF PROTO=2 
Nov 26 04:51:33 HelloKitty NetworkManager[636]: <info>  [1700992293.3465] dhcp4 (eno1): state changed new lease, address=192.168.1.183
Nov 26 04:52:04 HelloKitty kernel: [47319.352419] [UFW BLOCK] IN=eno1 OUT= MAC=01:00:5e:00:00:01:68:aa:c4:36:56:df:08:00 SRC=192.168.1.1 DST=224.0.0.1 LEN=32 TOS=0x00 PREC=0x00 TTL=1 ID=54831 DF PROTO=2 
Nov 26 04:54:09 HelloKitty kernel: [47444.370125] [UFW BLOCK] IN=eno1 OUT= MAC=01:00:5e:00:00:01:68:aa:c4:36:56:df:08:00 SRC=192.168.1.1 DST=224.0.0.1 LEN=32 TOS=0x00 PREC=0x00 TTL=1 ID=1748 DF PROTO=2 
Nov 26 04:56:14 HelloKitty kernel: [47569.377586] [UFW BLOCK] IN=eno1 OUT= MAC=01:00:5e:00:00:01:68:aa:c4:36:56:df:08:00 SRC=192.168.1.1 DST=224.0.0.1 LEN=32 TOS=0x00 PREC=0x00 TTL=1 ID=3577 DF PROTO=2 
Nov 26 04:58:19 HelloKitty kernel: [47694.385175] [UFW BLOCK] IN=eno1 OUT= MAC=01:00:5e:00:00:01:68:aa:c4:36:56:df:08:00 SRC=192.168.1.1 DST=224.0.0.1 LEN=32 TOS=0x00 PREC=0x00 TTL=1 ID=14306 DF PROTO=2 
Nov 26 05:00:24 HelloKitty kernel: [47819.402682] [UFW BLOCK] IN=eno1 OUT= MAC=01:00:5e:00:00:01:68:aa:c4:36:56:df:08:00 SRC=192.168.1.1 DST=224.0.0.1 LEN=32 TOS=0x00 PREC=0x00 TTL=1 ID=17498 DF PROTO=2 
Nov 26 05:02:29 HelloKitty kernel: [47944.410306] [UFW BLOCK] IN=eno1 OUT= MAC=01:00:5e:00:00:01:68:aa:c4:36:56:df:08:00 SRC=192.168.1.1 DST=224.0.0.1 LEN=32 TOS=0x00 PREC=0x00 TTL=1 ID=27096 DF PROTO=2 
Nov 26 05:04:34 HelloKitty kernel: [48069.427719] [UFW BLOCK] IN=eno1 OUT= MAC=01:00:5e:00:00:01:68:aa:c4:36:56:df:08:00 SRC=192.168.1.1 DST=224.0.0.1 LEN=32 TOS=0x00 PREC=0x00 TTL=1 ID=33514 DF PROTO=2 
Nov 26 05:06:39 HelloKitty kernel: [48194.435136] [UFW BLOCK] IN=eno1 OUT= MAC=01:00:5e:00:00:01:68:aa:c4:36:56:df:08:00 SRC=192.168.1.1 DST=224.0.0.1 LEN=32 TOS=0x00 PREC=0x00 TTL=1 ID=38569 DF PROTO=2 
Nov 26 05:08:44 HelloKitty kernel: [48319.442721] [UFW BLOCK] IN=eno1 OUT= MAC=01:00:5e:00:00:01:68:aa:c4:36:56:df:08:00 SRC=192.168.1.1 DST=224.0.0.1 LEN=32 TOS=0x00 PREC=0x00 TTL=1 ID=39521 DF PROTO=2 
Nov 26 05:09:33 HelloKitty systemd[1]: Starting Daily man-db regeneration...
Nov 26 05:09:34 HelloKitty systemd[1]: man-db.service: Deactivated successfully.
Nov 26 05:09:34 HelloKitty systemd[1]: Finished Daily man-db regeneration.
Nov 26 05:10:49 HelloKitty kernel: [48444.450277] [UFW BLOCK] IN=eno1 OUT= MAC=01:00:5e:00:00:01:68:aa:c4:36:56:df:08:00 SRC=192.168.1.1 DST=224.0.0.1 LEN=32 TOS=0x00 PREC=0x00 TTL=1 ID=51371 DF PROTO=2 
Nov 26 05:12:54 HelloKitty kernel: [48569.457778] [UFW BLOCK] IN=eno1 OUT= MAC=01:00:5e:00:00:01:68:aa:c4:36:56:df:08:00 SRC=192.168.1.1 DST=224.0.0.1 LEN=32 TOS=0x00 PREC=0x00 TTL=1 ID=53930 DF PROTO=2 
Nov 26 05:14:59 HelloKitty kernel: [48694.475383] [UFW BLOCK] IN=eno1 OUT= MAC=01:00:5e:00:00:01:68:aa:c4:36:56:df:08:00 SRC=192.168.1.1 DST=224.0.0.1 LEN=32 TOS=0x00 PREC=0x00 TTL=1 ID=64797 DF PROTO=2 
Nov 26 05:17:01 HelloKitty CRON[27903]: (root) CMD (   cd / && run-parts --report /etc/cron.hourly)
Nov 26 05:17:04 HelloKitty kernel: [48819.482833] [UFW BLOCK] IN=eno1 OUT= MAC=01:00:5e:00:00:01:68:aa:c4:36:56:df:08:00 SRC=192.168.1.1 DST=224.0.0.1 LEN=32 TOS=0x00 PREC=0x00 TTL=1 ID=4885 DF PROTO=2 
Nov 26 05:18:35 HelloKitty NetworkManager[636]: <info>  [1700993915.3474] dhcp4 (eno1): state changed new lease, address=192.168.1.183
Nov 26 05:19:09 HelloKitty kernel: [48944.500309] [UFW BLOCK] IN=eno1 OUT= MAC=01:00:5e:00:00:01:68:aa:c4:36:56:df:08:00 SRC=192.168.1.1 DST=224.0.0.1 LEN=32 TOS=0x00 PREC=0x00 TTL=1 ID=11796 DF PROTO=2 
Nov 26 05:21:14 HelloKitty kernel: [49069.518068] [UFW BLOCK] IN=eno1 OUT= MAC=01:00:5e:00:00:01:68:aa:c4:36:56:df:08:00 SRC=192.168.1.1 DST=224.0.0.1 LEN=32 TOS=0x00 PREC=0x00 TTL=1 ID=20812 DF PROTO=2 
Nov 26 05:23:19 HelloKitty kernel: [49194.535456] [UFW BLOCK] IN=eno1 OUT= MAC=01:00:5e:00:00:01:68:aa:c4:36:56:df:08:00 SRC=192.168.1.1 DST=224.0.0.1 LEN=32 TOS=0x00 PREC=0x00 TTL=1 ID=28205 DF PROTO=2 
Nov 26 05:25:24 HelloKitty kernel: [49319.543011] [UFW BLOCK] IN=eno1 OUT= MAC=01:00:5e:00:00:01:68:aa:c4:36:56:df:08:00 SRC=192.168.1.1 DST=224.0.0.1 LEN=32 TOS=0x00 PREC=0x00 TTL=1 ID=40667 DF PROTO=2 
Nov 26 05:27:29 HelloKitty kernel: [49444.560644] [UFW BLOCK] IN=eno1 OUT= MAC=01:00:5e:00:00:01:68:aa:c4:36:56:df:08:00 SRC=192.168.1.1 DST=224.0.0.1 LEN=32 TOS=0x00 PREC=0x00 TTL=1 ID=48931 DF PROTO=2 
Nov 26 05:29:34 HelloKitty kernel: [49569.578174] [UFW BLOCK] IN=eno1 OUT= MAC=01:00:5e:00:00:01:68:aa:c4:36:56:df:08:00 SRC=192.168.1.1 DST=224.0.0.1 LEN=32 TOS=0x00 PREC=0x00 TTL=1 ID=61139 DF PROTO=2 
Nov 26 05:31:39 HelloKitty kernel: [49694.595725] [UFW BLOCK] IN=eno1 OUT= MAC=01:00:5e:00:00:01:68:aa:c4:36:56:df:08:00 SRC=192.168.1.1 DST=224.0.0.1 LEN=32 TOS=0x00 PREC=0x00 TTL=1 ID=3448 DF PROTO=2 
Nov 26 05:33:44 HelloKitty kernel: [49819.603141] [UFW BLOCK] IN=eno1 OUT= MAC=01:00:5e:00:00:01:68:aa:c4:36:56:df:08:00 SRC=192.168.1.1 DST=224.0.0.1 LEN=32 TOS=0x00 PREC=0x00 TTL=1 ID=8727 DF PROTO=2 
Nov 26 05:35:49 HelloKitty kernel: [49944.610654] [UFW BLOCK] IN=eno1 OUT= MAC=01:00:5e:00:00:01:68:aa:c4:36:56:df:08:00 SRC=192.168.1.1 DST=224.0.0.1 LEN=32 TOS=0x00 PREC=0x00 TTL=1 ID=11797 DF PROTO=2 
Nov 26 05:37:54 HelloKitty kernel: [50069.628410] [UFW BLOCK] IN=eno1 OUT= MAC=01:00:5e:00:00:01:68:aa:c4:36:56:df:08:00 SRC=192.168.1.1 DST=224.0.0.1 LEN=32 TOS=0x00 PREC=0x00 TTL=1 ID=12827 DF PROTO=2 
Nov 26 05:39:59 HelloKitty kernel: [50194.635777] [UFW BLOCK] IN=eno1 OUT= MAC=01:00:5e:00:00:01:68:aa:c4:36:56:df:08:00 SRC=192.168.1.1 DST=224.0.0.1 LEN=32 TOS=0x00 PREC=0x00 TTL=1 ID=18951 DF PROTO=2 
Nov 26 05:42:04 HelloKitty kernel: [50319.643422] [UFW BLOCK] IN=eno1 OUT= MAC=01:00:5e:00:00:01:68:aa:c4:36:56:df:08:00 SRC=192.168.1.1 DST=224.0.0.1 LEN=32 TOS=0x00 PREC=0x00 TTL=1 ID=27074 DF PROTO=2 
Nov 26 05:44:09 HelloKitty kernel: [50444.650985] [UFW BLOCK] IN=eno1 OUT= MAC=01:00:5e:00:00:01:68:aa:c4:36:56:df:08:00 SRC=192.168.1.1 DST=224.0.0.1 LEN=32 TOS=0x00 PREC=0x00 TTL=1 ID=31600 DF PROTO=2 
Nov 26 05:46:14 HelloKitty kernel: [50569.658450] [UFW BLOCK] IN=eno1 OUT= MAC=01:00:5e:00:00:01:68:aa:c4:36:56:df:08:00 SRC=192.168.1.1 DST=224.0.0.1 LEN=32 TOS=0x00 PREC=0x00 TTL=1 ID=43102 DF PROTO=2 
Nov 26 05:46:39 HelloKitty NetworkManager[636]: <info>  [1700995599.3477] dhcp4 (eno1): state changed new lease, address=192.168.1.183
Nov 26 05:48:19 HelloKitty kernel: [50694.665996] [UFW BLOCK] IN=eno1 OUT= MAC=01:00:5e:00:00:01:68:aa:c4:36:56:df:08:00 SRC=192.168.1.1 DST=224.0.0.1 LEN=32 TOS=0x00 PREC=0x00 TTL=1 ID=54899 DF PROTO=2 
Nov 26 05:50:24 HelloKitty kernel: [50819.673566] [UFW BLOCK] IN=eno1 OUT= MAC=01:00:5e:00:00:01:68:aa:c4:36:56:df:08:00 SRC=192.168.1.1 DST=224.0.0.1 LEN=32 TOS=0x00 PREC=0x00 TTL=1 ID=57958 DF PROTO=2 
Nov 26 05:52:29 HelloKitty kernel: [50944.691083] [UFW BLOCK] IN=eno1 OUT= MAC=01:00:5e:00:00:01:68:aa:c4:36:56:df:08:00 SRC=192.168.1.1 DST=224.0.0.1 LEN=32 TOS=0x00 PREC=0x00 TTL=1 ID=2643 DF PROTO=2 
Nov 26 05:54:34 HelloKitty kernel: [51069.698685] [UFW BLOCK] IN=eno1 OUT= MAC=01:00:5e:00:00:01:68:aa:c4:36:56:df:08:00 SRC=192.168.1.1 DST=224.0.0.1 LEN=32 TOS=0x00 PREC=0x00 TTL=1 ID=3869 DF PROTO=2 
Nov 26 05:56:39 HelloKitty kernel: [51194.706288] [UFW BLOCK] IN=eno1 OUT= MAC=01:00:5e:00:00:01:68:aa:c4:36:56:df:08:00 SRC=192.168.1.1 DST=224.0.0.1 LEN=32 TOS=0x00 PREC=0x00 TTL=1 ID=8682 DF PROTO=2 
Nov 26 05:58:44 HelloKitty kernel: [51319.713844] [UFW BLOCK] IN=eno1 OUT= MAC=01:00:5e:00:00:01:68:aa:c4:36:56:df:08:00 SRC=192.168.1.1 DST=224.0.0.1 LEN=32 TOS=0x00 PREC=0x00 TTL=1 ID=17486 DF PROTO=2 
Nov 26 06:00:49 HelloKitty kernel: [51444.721281] [UFW BLOCK] IN=eno1 OUT= MAC=01:00:5e:00:00:01:68:aa:c4:36:56:df:08:00 SRC=192.168.1.1 DST=224.0.0.1 LEN=32 TOS=0x00 PREC=0x00 TTL=1 ID=21365 DF PROTO=2 
Nov 26 06:02:54 HelloKitty kernel: [51569.728886] [UFW BLOCK] IN=eno1 OUT= MAC=01:00:5e:00:00:01:68:aa:c4:36:56:df:08:00 SRC=192.168.1.1 DST=224.0.0.1 LEN=32 TOS=0x00 PREC=0x00 TTL=1 ID=31992 DF PROTO=2 
Nov 26 06:04:59 HelloKitty kernel: [51694.746446] [UFW BLOCK] IN=eno1 OUT= MAC=01:00:5e:00:00:01:68:aa:c4:36:56:df:08:00 SRC=192.168.1.1 DST=224.0.0.1 LEN=32 TOS=0x00 PREC=0x00 TTL=1 ID=37166 DF PROTO=2 
Nov 26 06:07:04 HelloKitty kernel: [51819.754108] [UFW BLOCK] IN=eno1 OUT= MAC=01:00:5e:00:00:01:68:aa:c4:36:56:df:08:00 SRC=192.168.1.1 DST=224.0.0.1 LEN=32 TOS=0x00 PREC=0x00 TTL=1 ID=45361 DF PROTO=2 
Nov 26 06:09:09 HelloKitty kernel: [51944.761482] [UFW BLOCK] IN=eno1 OUT= MAC=01:00:5e:00:00:01:68:aa:c4:36:56:df:08:00 SRC=192.168.1.1 DST=224.0.0.1 LEN=32 TOS=0x00 PREC=0x00 TTL=1 ID=48961 DF PROTO=2 
Nov 26 06:11:14 HelloKitty kernel: [52069.779128] [UFW BLOCK] IN=eno1 OUT= MAC=01:00:5e:00:00:01:68:aa:c4:36:56:df:08:00 SRC=192.168.1.1 DST=224.0.0.1 LEN=32 TOS=0x00 PREC=0x00 TTL=1 ID=54183 DF PROTO=2 
Nov 26 06:13:19 HelloKitty kernel: [52194.786752] [UFW BLOCK] IN=eno1 OUT= MAC=01:00:5e:00:00:01:68:aa:c4:36:56:df:08:00 SRC=192.168.1.1 DST=224.0.0.1 LEN=32 TOS=0x00 PREC=0x00 TTL=1 ID=59420 DF PROTO=2 
Nov 26 06:14:23 HelloKitty NetworkManager[636]: <info>  [1700997263.3478] dhcp4 (eno1): state changed new lease, address=192.168.1.183
Nov 26 06:15:24 HelloKitty kernel: [52319.804374] [UFW BLOCK] IN=eno1 OUT= MAC=01:00:5e:00:00:01:68:aa:c4:36:56:df:08:00 SRC=192.168.1.1 DST=224.0.0.1 LEN=32 TOS=0x00 PREC=0x00 TTL=1 ID=525 DF PROTO=2 
Nov 26 06:17:01 HelloKitty CRON[27930]: (root) CMD (   cd / && run-parts --report /etc/cron.hourly)
Nov 26 06:17:29 HelloKitty kernel: [52444.821887] [UFW BLOCK] IN=eno1 OUT= MAC=01:00:5e:00:00:01:68:aa:c4:36:56:df:08:00 SRC=192.168.1.1 DST=224.0.0.1 LEN=32 TOS=0x00 PREC=0x00 TTL=1 ID=5680 DF PROTO=2 
Nov 26 06:19:34 HelloKitty kernel: [52569.829412] [UFW BLOCK] IN=eno1 OUT= MAC=01:00:5e:00:00:01:68:aa:c4:36:56:df:08:00 SRC=192.168.1.1 DST=224.0.0.1 LEN=32 TOS=0x00 PREC=0x00 TTL=1 ID=16075 DF PROTO=2 
Nov 26 06:21:39 HelloKitty kernel: [52694.846961] [UFW BLOCK] IN=eno1 OUT= MAC=01:00:5e:00:00:01:68:aa:c4:36:56:df:08:00 SRC=192.168.1.1 DST=224.0.0.1 LEN=32 TOS=0x00 PREC=0x00 TTL=1 ID=25757 DF PROTO=2 
Nov 26 06:23:44 HelloKitty kernel: [52819.864540] [UFW BLOCK] IN=eno1 OUT= MAC=01:00:5e:00:00:01:68:aa:c4:36:56:df:08:00 SRC=192.168.1.1 DST=224.0.0.1 LEN=32 TOS=0x00 PREC=0x00 TTL=1 ID=29939 DF PROTO=2 
Nov 26 06:25:01 HelloKitty CRON[27935]: (root) CMD (test -x /usr/sbin/anacron || ( cd / && run-parts --report /etc/cron.daily ))
Nov 26 06:25:49 HelloKitty kernel: [52944.872143] [UFW BLOCK] IN=eno1 OUT= MAC=01:00:5e:00:00:01:68:aa:c4:36:56:df:08:00 SRC=192.168.1.1 DST=224.0.0.1 LEN=32 TOS=0x00 PREC=0x00 TTL=1 ID=32295 DF PROTO=2 
Nov 26 06:27:54 HelloKitty kernel: [53069.889621] [UFW BLOCK] IN=eno1 OUT= MAC=01:00:5e:00:00:01:68:aa:c4:36:56:df:08:00 SRC=192.168.1.1 DST=224.0.0.1 LEN=32 TOS=0x00 PREC=0x00 TTL=1 ID=33863 DF PROTO=2 
Nov 26 06:29:59 HelloKitty kernel: [53194.907238] [UFW BLOCK] IN=eno1 OUT= MAC=01:00:5e:00:00:01:68:aa:c4:36:56:df:08:00 SRC=192.168.1.1 DST=224.0.0.1 LEN=32 TOS=0x00 PREC=0x00 TTL=1 ID=43713 DF PROTO=2 
Nov 26 06:32:04 HelloKitty kernel: [53319.924837] [UFW BLOCK] IN=eno1 OUT= MAC=01:00:5e:00:00:01:68:aa:c4:36:56:df:08:00 SRC=192.168.1.1 DST=224.0.0.1 LEN=32 TOS=0x00 PREC=0x00 TTL=1 ID=50477 DF PROTO=2 
Nov 26 06:34:09 HelloKitty kernel: [53444.942219] [UFW BLOCK] IN=eno1 OUT= MAC=01:00:5e:00:00:01:68:aa:c4:36:56:df:08:00 SRC=192.168.1.1 DST=224.0.0.1 LEN=32 TOS=0x00 PREC=0x00 TTL=1 ID=59447 DF PROTO=2 
Nov 26 06:36:14 HelloKitty kernel: [53569.949822] [UFW BLOCK] IN=eno1 OUT= MAC=01:00:5e:00:00:01:68:aa:c4:36:56:df:08:00 SRC=192.168.1.1 DST=224.0.0.1 LEN=32 TOS=0x00 PREC=0x00 TTL=1 ID=62405 DF PROTO=2 
Nov 26 06:38:19 HelloKitty kernel: [53694.957268] [UFW BLOCK] IN=eno1 OUT= MAC=01:00:5e:00:00:01:68:aa:c4:36:56:df:08:00 SRC=192.168.1.1 DST=224.0.0.1 LEN=32 TOS=0x00 PREC=0x00 TTL=1 ID=4885 DF PROTO=2 
Nov 26 06:40:24 HelloKitty kernel: [53819.964887] [UFW BLOCK] IN=eno1 OUT= MAC=01:00:5e:00:00:01:68:aa:c4:36:56:df:08:00 SRC=192.168.1.1 DST=224.0.0.1 LEN=32 TOS=0x00 PREC=0x00 TTL=1 ID=5594 DF PROTO=2 
Nov 26 06:42:01 HelloKitty NetworkManager[636]: <info>  [1700998921.3474] dhcp4 (eno1): state changed new lease, address=192.168.1.183
Nov 26 06:42:29 HelloKitty kernel: [53944.972373] [UFW BLOCK] IN=eno1 OUT= MAC=01:00:5e:00:00:01:68:aa:c4:36:56:df:08:00 SRC=192.168.1.1 DST=224.0.0.1 LEN=32 TOS=0x00 PREC=0x00 TTL=1 ID=7630 DF PROTO=2 
Nov 26 06:44:34 HelloKitty kernel: [54069.979909] [UFW BLOCK] IN=eno1 OUT= MAC=01:00:5e:00:00:01:68:aa:c4:36:56:df:08:00 SRC=192.168.1.1 DST=224.0.0.1 LEN=32 TOS=0x00 PREC=0x00 TTL=1 ID=15589 DF PROTO=2 
Nov 26 06:46:39 HelloKitty kernel: [54194.987425] [UFW BLOCK] IN=eno1 OUT= MAC=01:00:5e:00:00:01:68:aa:c4:36:56:df:08:00 SRC=192.168.1.1 DST=224.0.0.1 LEN=32 TOS=0x00 PREC=0x00 TTL=1 ID=24380 DF PROTO=2 
Nov 26 06:47:01 HelloKitty CRON[27944]: (root) CMD (test -x /usr/sbin/anacron || ( cd / && run-parts --report /etc/cron.weekly ))
Nov 26 06:48:44 HelloKitty kernel: [54320.005000] [UFW BLOCK] IN=eno1 OUT= MAC=01:00:5e:00:00:01:68:aa:c4:36:56:df:08:00 SRC=192.168.1.1 DST=224.0.0.1 LEN=32 TOS=0x00 PREC=0x00 TTL=1 ID=36168 DF PROTO=2 
Nov 26 06:50:49 HelloKitty kernel: [54445.022532] [UFW BLOCK] IN=eno1 OUT= MAC=01:00:5e:00:00:01:68:aa:c4:36:56:df:08:00 SRC=192.168.1.1 DST=224.0.0.1 LEN=32 TOS=0x00 PREC=0x00 TTL=1 ID=37298 DF PROTO=2 
Nov 26 06:52:54 HelloKitty kernel: [54570.030063] [UFW BLOCK] IN=eno1 OUT= MAC=01:00:5e:00:00:01:68:aa:c4:36:56:df:08:00 SRC=192.168.1.1 DST=224.0.0.1 LEN=32 TOS=0x00 PREC=0x00 TTL=1 ID=45223 DF PROTO=2 
Nov 26 06:52:54 HelloKitty systemd[1]: Starting Update APT News...
Nov 26 06:52:54 HelloKitty systemd[1]: Starting Update the local ESM caches...
Nov 26 06:52:55 HelloKitty systemd[1]: apt-news.service: Deactivated successfully.
Nov 26 06:52:55 HelloKitty systemd[1]: Finished Update APT News.
Nov 26 06:52:55 HelloKitty systemd[1]: esm-cache.service: Deactivated successfully.
Nov 26 06:52:55 HelloKitty systemd[1]: Finished Update the local ESM caches.
Nov 26 06:52:59 HelloKitty PackageKit: refresh-cache transaction /70_cbaedabd from uid 1000 finished with success after 4965ms
Nov 26 06:53:00 HelloKitty snapd[661]: storehelpers.go:773: cannot refresh: snap has no updates available: "bare", "core20", "core22", "curl", "gnome-3-38-2004", "gnome-42-2204", "gtk-common-themes", "snap-store", "snapd", "snapd-desktop-integration"
Nov 26 06:53:01 HelloKitty PackageKit: get-updates transaction /71_beacaaab from uid 1000 finished with success after 1715ms
Nov 26 06:54:59 HelloKitty kernel: [54695.037523] [UFW BLOCK] IN=eno1 OUT= MAC=01:00:5e:00:00:01:68:aa:c4:36:56:df:08:00 SRC=192.168.1.1 DST=224.0.0.1 LEN=32 TOS=0x00 PREC=0x00 TTL=1 ID=55479 DF PROTO=2 
Nov 26 06:55:54 HelloKitty update-notifier.desktop[28467]: Error executing command as another user: Not authorized
Nov 26 06:55:54 HelloKitty update-notifier.desktop[28467]: This incident has been reported.
Nov 26 06:57:04 HelloKitty kernel: [54820.055092] [UFW BLOCK] IN=eno1 OUT= MAC=01:00:5e:00:00:01:68:aa:c4:36:56:df:08:00 SRC=192.168.1.1 DST=224.0.0.1 LEN=32 TOS=0x00 PREC=0x00 TTL=1 ID=59472 DF PROTO=2 
Nov 26 06:57:22 HelloKitty systemd[1]: Starting Daily apt upgrade and clean activities...
Nov 26 06:57:25 HelloKitty systemd[1]: apt-daily-upgrade.service: Deactivated successfully.
Nov 26 06:57:25 HelloKitty systemd[1]: Finished Daily apt upgrade and clean activities.
Nov 26 06:57:25 HelloKitty systemd[1]: apt-daily-upgrade.service: Consumed 2.751s CPU time.
Nov 26 06:59:09 HelloKitty kernel: [54945.062600] [UFW BLOCK] IN=eno1 OUT= MAC=01:00:5e:00:00:01:68:aa:c4:36:56:df:08:00 SRC=192.168.1.1 DST=224.0.0.1 LEN=32 TOS=0x00 PREC=0x00 TTL=1 ID=63123 DF PROTO=2 
Nov 26 07:01:14 HelloKitty kernel: [55070.080138] [UFW BLOCK] IN=eno1 OUT= MAC=01:00:5e:00:00:01:68:aa:c4:36:56:df:08:00 SRC=192.168.1.1 DST=224.0.0.1 LEN=32 TOS=0x00 PREC=0x00 TTL=1 ID=64167 DF PROTO=2 
Nov 26 07:03:19 HelloKitty kernel: [55195.097705] [UFW BLOCK] IN=eno1 OUT= MAC=01:00:5e:00:00:01:68:aa:c4:36:56:df:08:00 SRC=192.168.1.1 DST=224.0.0.1 LEN=32 TOS=0x00 PREC=0x00 TTL=1 ID=637 DF PROTO=2 
Nov 26 07:05:24 HelloKitty kernel: [55320.105313] [UFW BLOCK] IN=eno1 OUT= MAC=01:00:5e:00:00:01:68:aa:c4:36:56:df:08:00 SRC=192.168.1.1 DST=224.0.0.1 LEN=32 TOS=0x00 PREC=0x00 TTL=1 ID=11220 DF PROTO=2 
Nov 26 07:07:29 HelloKitty kernel: [55445.112845] [UFW BLOCK] IN=eno1 OUT= MAC=01:00:5e:00:00:01:68:aa:c4:36:56:df:08:00 SRC=192.168.1.1 DST=224.0.0.1 LEN=32 TOS=0x00 PREC=0x00 TTL=1 ID=15122 DF PROTO=2 
Nov 26 07:09:34 HelloKitty kernel: [55570.130367] [UFW BLOCK] IN=eno1 OUT= MAC=01:00:5e:00:00:01:68:aa:c4:36:56:df:08:00 SRC=192.168.1.1 DST=224.0.0.1 LEN=32 TOS=0x00 PREC=0x00 TTL=1 ID=19269 DF PROTO=2 
Nov 26 07:09:47 HelloKitty NetworkManager[636]: <info>  [1701000587.3472] dhcp4 (eno1): state changed new lease, address=192.168.1.183
Nov 26 07:11:39 HelloKitty kernel: [55695.137848] [UFW BLOCK] IN=eno1 OUT= MAC=01:00:5e:00:00:01:68:aa:c4:36:56:df:08:00 SRC=192.168.1.1 DST=224.0.0.1 LEN=32 TOS=0x00 PREC=0x00 TTL=1 ID=23845 DF PROTO=2 
Nov 26 07:13:44 HelloKitty kernel: [55820.145288] [UFW BLOCK] IN=eno1 OUT= MAC=01:00:5e:00:00:01:68:aa:c4:36:56:df:08:00 SRC=192.168.1.1 DST=224.0.0.1 LEN=32 TOS=0x00 PREC=0x00 TTL=1 ID=36339 DF PROTO=2 
Nov 26 07:15:49 HelloKitty kernel: [55945.162989] [UFW BLOCK] IN=eno1 OUT= MAC=01:00:5e:00:00:01:68:aa:c4:36:56:df:08:00 SRC=192.168.1.1 DST=224.0.0.1 LEN=32 TOS=0x00 PREC=0x00 TTL=1 ID=42238 DF PROTO=2 
Nov 26 07:17:01 HelloKitty CRON[28555]: (root) CMD (   cd / && run-parts --report /etc/cron.hourly)
Nov 26 07:17:54 HelloKitty kernel: [56070.170456] [UFW BLOCK] IN=eno1 OUT= MAC=01:00:5e:00:00:01:68:aa:c4:36:56:df:08:00 SRC=192.168.1.1 DST=224.0.0.1 LEN=32 TOS=0x00 PREC=0x00 TTL=1 ID=52260 DF PROTO=2 
Nov 26 07:19:59 HelloKitty kernel: [56195.177998] [UFW BLOCK] IN=eno1 OUT= MAC=01:00:5e:00:00:01:68:aa:c4:36:56:df:08:00 SRC=192.168.1.1 DST=224.0.0.1 LEN=32 TOS=0x00 PREC=0x00 TTL=1 ID=57538 DF PROTO=2 
Nov 26 07:22:04 HelloKitty kernel: [56320.185495] [UFW BLOCK] IN=eno1 OUT= MAC=01:00:5e:00:00:01:68:aa:c4:36:56:df:08:00 SRC=192.168.1.1 DST=224.0.0.1 LEN=32 TOS=0x00 PREC=0x00 TTL=1 ID=62422 DF PROTO=2 
Nov 26 07:24:09 HelloKitty kernel: [56445.203071] [UFW BLOCK] IN=eno1 OUT= MAC=01:00:5e:00:00:01:68:aa:c4:36:56:df:08:00 SRC=192.168.1.1 DST=224.0.0.1 LEN=32 TOS=0x00 PREC=0x00 TTL=1 ID=64092 DF PROTO=2 
Nov 26 07:26:14 HelloKitty kernel: [56570.210697] [UFW BLOCK] IN=eno1 OUT= MAC=01:00:5e:00:00:01:68:aa:c4:36:56:df:08:00 SRC=192.168.1.1 DST=224.0.0.1 LEN=32 TOS=0x00 PREC=0x00 TTL=1 ID=6196 DF PROTO=2 
Nov 26 07:28:19 HelloKitty kernel: [56695.228190] [UFW BLOCK] IN=eno1 OUT= MAC=01:00:5e:00:00:01:68:aa:c4:36:56:df:08:00 SRC=192.168.1.1 DST=224.0.0.1 LEN=32 TOS=0x00 PREC=0x00 TTL=1 ID=16282 DF PROTO=2 
Nov 27 15:39:34 HelloKitty systemd[1]: Starting Flush Journal to Persistent Storage...
Nov 27 15:39:34 HelloKitty systemd[1]: Activated swap /swapfile.
Nov 27 15:39:34 HelloKitty systemd[1]: Reached target Swaps.
Nov 27 15:39:34 HelloKitty systemd[1]: Finished Set the console keyboard layout.
Nov 27 15:39:34 HelloKitty systemd-modules-load[238]: Inserted module 'lp'
Nov 27 15:39:34 HelloKitty systemd-modules-load[238]: Inserted module 'ppdev'
Nov 27 15:39:34 HelloKitty systemd[1]: Finished Create System Users.
Nov 27 15:39:34 HelloKitty kernel: [    0.000000] microcode: microcode updated early to revision 0x2f, date = 2019-02-17
Nov 27 15:39:34 HelloKitty systemd[1]: Starting Create Static Device Nodes in /dev...
Nov 27 15:39:34 HelloKitty kernel: [    0.000000] Linux version 6.2.0-37-generic (buildd@bos03-amd64-055) (x86_64-linux-gnu-gcc-11 (Ubuntu 11.4.0-1ubuntu1~22.04) 11.4.0, GNU ld (GNU Binutils for Ubuntu) 2.38) #38~22.04.1-Ubuntu SMP PREEMPT_DYNAMIC Thu Nov  2 18:01:13 UTC 2 (Ubuntu 6.2.0-37.38~22.04.1-generic 6.2.16)
Nov 27 15:39:34 HelloKitty kernel: [    0.000000] Command line: BOOT_IMAGE=/boot/vmlinuz-6.2.0-37-generic root=UUID=78acbc88-969e-4c05-ac07-c2afa21b5097 ro quiet splash vt.handoff=7
Nov 27 15:39:34 HelloKitty kernel: [    0.000000] KERNEL supported cpus:
Nov 27 15:39:34 HelloKitty kernel: [    0.000000]   Intel GenuineIntel
Nov 27 15:39:34 HelloKitty kernel: [    0.000000]   AMD AuthenticAMD
Nov 27 15:39:34 HelloKitty systemd[1]: Finished Load/Save Random Seed.
Nov 27 15:39:34 HelloKitty kernel: [    0.000000]   Hygon HygonGenuine
Nov 27 15:39:34 HelloKitty kernel: [    0.000000]   Centaur CentaurHauls
Nov 27 15:39:34 HelloKitty kernel: [    0.000000]   zhaoxin   Shanghai  
Nov 27 15:39:34 HelloKitty systemd[1]: Condition check resulted in First Boot Complete being skipped.
Nov 27 15:39:34 HelloKitty kernel: [    0.000000] reserving inaccessible SNB gfx pages
Nov 27 15:39:34 HelloKitty kernel: [    0.000000] BIOS-provided physical RAM map:
Nov 27 15:39:34 HelloKitty kernel: [    0.000000] BIOS-e820: [mem 0x0000000000000000-0x00000000000917ff] usable
Nov 27 15:39:34 HelloKitty kernel: [    0.000000] BIOS-e820: [mem 0x0000000000091800-0x000000000009ffff] reserved
Nov 27 15:39:34 HelloKitty systemd[1]: Finished Create Static Device Nodes in /dev.
Nov 27 15:39:34 HelloKitty kernel: [    0.000000] BIOS-e820: [mem 0x00000000000e0000-0x00000000000fffff] reserved
Nov 27 15:39:34 HelloKitty kernel: [    0.000000] BIOS-e820: [mem 0x0000000000100000-0x000000001fffffff] usable
Nov 27 15:39:34 HelloKitty kernel: [    0.000000] BIOS-e820: [mem 0x0000000020000000-0x00000000201fffff] reserved
Nov 27 15:39:34 HelloKitty kernel: [    0.000000] BIOS-e820: [mem 0x0000000020200000-0x000000003fffffff] usable
Nov 27 15:39:34 HelloKitty kernel: [    0.000000] BIOS-e820: [mem 0x0000000040000000-0x00000000401fffff] reserved
Nov 27 15:39:34 HelloKitty kernel: [    0.000000] BIOS-e820: [mem 0x0000000040200000-0x00000000ca9f7fff] usable
Nov 27 15:39:34 HelloKitty kernel: [    0.000000] BIOS-e820: [mem 0x00000000ca9f8000-0x00000000caa3bfff] reserved
Nov 27 15:39:34 HelloKitty systemd[1]: Reached target Preparation for Local File Systems.
Nov 27 15:39:34 HelloKitty kernel: [    0.000000] BIOS-e820: [mem 0x00000000caa3c000-0x00000000cadb6fff] usable
Nov 27 15:39:34 HelloKitty kernel: [    0.000000] BIOS-e820: [mem 0x00000000cadb7000-0x00000000cade6fff] reserved
Nov 27 15:39:34 HelloKitty kernel: [    0.000000] BIOS-e820: [mem 0x00000000cade7000-0x00000000cafe6fff] ACPI NVS
Nov 27 15:39:34 HelloKitty systemd[1]: Mounting Mount unit for bare, revision 5...
Nov 27 15:39:34 HelloKitty kernel: [    0.000000] BIOS-e820: [mem 0x00000000cafe7000-0x00000000caffefff] ACPI data
Nov 27 15:39:34 HelloKitty kernel: [    0.000000] BIOS-e820: [mem 0x00000000cafff000-0x00000000caffffff] usable
Nov 27 15:39:34 HelloKitty kernel: [    0.000000] BIOS-e820: [mem 0x00000000cb800000-0x00000000cf9fffff] reserved
Nov 27 15:39:34 HelloKitty kernel: [    0.000000] BIOS-e820: [mem 0x00000000fed1c000-0x00000000fed1ffff] reserved
Nov 27 15:39:34 HelloKitty systemd[1]: Mounting Mount unit for core20, revision 1974...
Nov 27 15:39:34 HelloKitty kernel: [    0.000000] BIOS-e820: [mem 0x00000000ffc00000-0x00000000ffc1ffff] reserved
Nov 27 15:39:34 HelloKitty kernel: [    0.000000] BIOS-e820: [mem 0x0000000100000000-0x000000082dffffff] usable
Nov 27 15:39:34 HelloKitty kernel: [    0.000000] NX (Execute Disable) protection: active
Nov 27 15:39:34 HelloKitty kernel: [    0.000000] SMBIOS 2.6 present.
Nov 27 15:39:34 HelloKitty kernel: [    0.000000] DMI: Dell Inc. OptiPlex 990/06D7TR, BIOS A19 08/26/2015
Nov 27 15:39:34 HelloKitty kernel: [    0.000000] tsc: Fast TSC calibration using PIT
Nov 27 15:39:34 HelloKitty kernel: [    0.000000] tsc: Detected 3092.806 MHz processor
Nov 27 15:39:34 HelloKitty kernel: [    0.001301] e820: update [mem 0x00000000-0x00000fff] usable ==> reserved
Nov 27 15:39:34 HelloKitty kernel: [    0.001304] e820: remove [mem 0x000a0000-0x000fffff] usable
Nov 27 15:39:34 HelloKitty kernel: [    0.001312] last_pfn = 0x82e000 max_arch_pfn = 0x400000000
Nov 27 15:39:34 HelloKitty kernel: [    0.001321] total RAM covered: 32656M
Nov 27 15:39:34 HelloKitty systemd[1]: Mounting Mount unit for core20, revision 2015...
Nov 27 15:39:34 HelloKitty kernel: [    0.001477]  gran_size: 64K 	chunk_size: 64K 	num_reg: 10  	lose cover RAM: 96M
Nov 27 15:39:34 HelloKitty kernel: [    0.001479]  gran_size: 64K 	chunk_size: 128K 	num_reg: 10  	lose cover RAM: 96M
Nov 27 15:39:34 HelloKitty kernel: [    0.001481]  gran_size: 64K 	chunk_size: 256K 	num_reg: 10  	lose cover RAM: 96M
Nov 27 15:39:34 HelloKitty kernel: [    0.001483]  gran_size: 64K 	chunk_size: 512K 	num_reg: 10  	lose cover RAM: 96M
Nov 27 15:39:34 HelloKitty kernel: [    0.001484]  gran_size: 64K 	chunk_size: 1M 	num_reg: 10  	lose cover RAM: 96M
Nov 27 15:39:34 HelloKitty kernel: [    0.001486]  gran_size: 64K 	chunk_size: 2M 	num_reg: 10  	lose cover RAM: 96M
Nov 27 15:39:34 HelloKitty systemd[1]: Mounting Mount unit for core22, revision 858...
Nov 27 15:39:34 HelloKitty kernel: [    0.001487]  gran_size: 64K 	chunk_size: 4M 	num_reg: 10  	lose cover RAM: 96M
Nov 27 15:39:34 HelloKitty kernel: [    0.001489]  gran_size: 64K 	chunk_size: 8M 	num_reg: 10  	lose cover RAM: 96M
Nov 27 15:39:34 HelloKitty kernel: [    0.001490]  gran_size: 64K 	chunk_size: 16M 	num_reg: 10  	lose cover RAM: 96M
Nov 27 15:39:34 HelloKitty kernel: [    0.001492]  gran_size: 64K 	chunk_size: 32M 	num_reg: 10  	lose cover RAM: 96M
Nov 27 15:39:34 HelloKitty kernel: [    0.001494] *BAD*gran_size: 64K 	chunk_size: 64M 	num_reg: 10  	lose cover RAM: -32M
Nov 27 15:39:34 HelloKitty systemd[1]: Mounting Mount unit for core22, revision 864...
Nov 27 15:39:34 HelloKitty kernel: [    0.001495] *BAD*gran_size: 64K 	chunk_size: 128M 	num_reg: 10  	lose cover RAM: -32M
Nov 27 15:39:34 HelloKitty kernel: [    0.001497] *BAD*gran_size: 64K 	chunk_size: 256M 	num_reg: 10  	lose cover RAM: -32M
Nov 27 15:39:34 HelloKitty kernel: [    0.001499] *BAD*gran_size: 64K 	chunk_size: 512M 	num_reg: 10  	lose cover RAM: -288M
Nov 27 15:39:34 HelloKitty kernel: [    0.001500] *BAD*gran_size: 64K 	chunk_size: 1G 	num_reg: 10  	lose cover RAM: -256M
Nov 27 15:39:34 HelloKitty kernel: [    0.001502] *BAD*gran_size: 64K 	chunk_size: 2G 	num_reg: 10  	lose cover RAM: -1280M
Nov 27 15:39:34 HelloKitty systemd[1]: Mounting Mount unit for curl, revision 1754...
Nov 27 15:39:34 HelloKitty kernel: [    0.001503]  gran_size: 128K 	chunk_size: 128K 	num_reg: 10  	lose cover RAM: 96M
Nov 27 15:39:34 HelloKitty kernel: [    0.001505]  gran_size: 128K 	chunk_size: 256K 	num_reg: 10  	lose cover RAM: 96M
Nov 27 15:39:34 HelloKitty kernel: [    0.001507]  gran_size: 128K 	chunk_size: 512K 	num_reg: 10  	lose cover RAM: 96M
Nov 27 15:39:34 HelloKitty kernel: [    0.001508]  gran_size: 128K 	chunk_size: 1M 	num_reg: 10  	lose cover RAM: 96M
Nov 27 15:39:34 HelloKitty kernel: [    0.001510]  gran_size: 128K 	chunk_size: 2M 	num_reg: 10  	lose cover RAM: 96M
Nov 27 15:39:34 HelloKitty systemd[1]: Mounting Mount unit for firefox, revision 3290...
Nov 27 15:39:34 HelloKitty kernel: [    0.001511]  gran_size: 128K 	chunk_size: 4M 	num_reg: 10  	lose cover RAM: 96M
Nov 27 15:39:34 HelloKitty kernel: [    0.001513]  gran_size: 128K 	chunk_size: 8M 	num_reg: 10  	lose cover RAM: 96M
Nov 27 15:39:34 HelloKitty kernel: [    0.001514]  gran_size: 128K 	chunk_size: 16M 	num_reg: 10  	lose cover RAM: 96M
Nov 27 15:39:34 HelloKitty kernel: [    0.001516]  gran_size: 128K 	chunk_size: 32M 	num_reg: 10  	lose cover RAM: 96M
Nov 27 15:39:34 HelloKitty kernel: [    0.001518] *BAD*gran_size: 128K 	chunk_size: 64M 	num_reg: 10  	lose cover RAM: -32M
Nov 27 15:39:34 HelloKitty kernel: [    0.001519] *BAD*gran_size: 128K 	chunk_size: 128M 	num_reg: 10  	lose cover RAM: -32M
Nov 27 15:39:34 HelloKitty systemd[1]: Mounting Mount unit for firefox, revision 3358...
Nov 27 15:39:34 HelloKitty kernel: [    0.001521] *BAD*gran_size: 128K 	chunk_size: 256M 	num_reg: 10  	lose cover RAM: -32M
Nov 27 15:39:34 HelloKitty kernel: [    0.001523] *BAD*gran_size: 128K 	chunk_size: 512M 	num_reg: 10  	lose cover RAM: -288M
Nov 27 15:39:34 HelloKitty kernel: [    0.001524] *BAD*gran_size: 128K 	chunk_size: 1G 	num_reg: 10  	lose cover RAM: -256M
Nov 27 15:39:34 HelloKitty kernel: [    0.001526] *BAD*gran_size: 128K 	chunk_size: 2G 	num_reg: 10  	lose cover RAM: -1280M
Nov 27 15:39:34 HelloKitty kernel: [    0.001527]  gran_size: 256K 	chunk_size: 256K 	num_reg: 10  	lose cover RAM: 96M
Nov 27 15:39:34 HelloKitty kernel: [    0.001529]  gran_size: 256K 	chunk_size: 512K 	num_reg: 10  	lose cover RAM: 96M
Nov 27 15:39:34 HelloKitty kernel: [    0.001530]  gran_size: 256K 	chunk_size: 1M 	num_reg: 10  	lose cover RAM: 96M
Nov 27 15:39:34 HelloKitty kernel: [    0.001532]  gran_size: 256K 	chunk_size: 2M 	num_reg: 10  	lose cover RAM: 96M
Nov 27 15:39:34 HelloKitty kernel: [    0.001534]  gran_size: 256K 	chunk_size: 4M 	num_reg: 10  	lose cover RAM: 96M
Nov 27 15:39:34 HelloKitty systemd[1]: Mounting Mount unit for gnome-3-38-2004, revision 143...
Nov 27 15:39:34 HelloKitty kernel: [    0.001535]  gran_size: 256K 	chunk_size: 8M 	num_reg: 10  	lose cover RAM: 96M
Nov 27 15:39:34 HelloKitty kernel: [    0.001537]  gran_size: 256K 	chunk_size: 16M 	num_reg: 10  	lose cover RAM: 96M
Nov 27 15:39:34 HelloKitty kernel: [    0.001538]  gran_size: 256K 	chunk_size: 32M 	num_reg: 10  	lose cover RAM: 96M
Nov 27 15:39:34 HelloKitty kernel: [    0.001540] *BAD*gran_size: 256K 	chunk_size: 64M 	num_reg: 10  	lose cover RAM: -32M
Nov 27 15:39:34 HelloKitty kernel: [    0.001541] *BAD*gran_size: 256K 	chunk_size: 128M 	num_reg: 10  	lose cover RAM: -32M
Nov 27 15:39:34 HelloKitty systemd[1]: Mounting Mount unit for gnome-42-2204, revision 120...
Nov 27 15:39:34 HelloKitty kernel: [    0.001543] *BAD*gran_size: 256K 	chunk_size: 256M 	num_reg: 10  	lose cover RAM: -32M
Nov 27 15:39:34 HelloKitty kernel: [    0.001544] *BAD*gran_size: 256K 	chunk_size: 512M 	num_reg: 10  	lose cover RAM: -288M
Nov 27 15:39:34 HelloKitty kernel: [    0.001546] *BAD*gran_size: 256K 	chunk_size: 1G 	num_reg: 10  	lose cover RAM: -256M
Nov 27 15:39:34 HelloKitty kernel: [    0.001548] *BAD*gran_size: 256K 	chunk_size: 2G 	num_reg: 10  	lose cover RAM: -1280M
Nov 27 15:39:34 HelloKitty kernel: [    0.001549]  gran_size: 512K 	chunk_size: 512K 	num_reg: 10  	lose cover RAM: 96M
Nov 27 15:39:34 HelloKitty kernel: [    0.001551]  gran_size: 512K 	chunk_size: 1M 	num_reg: 10  	lose cover RAM: 96M
Nov 27 15:39:34 HelloKitty systemd[1]: Mounting Mount unit for gnome-42-2204, revision 141...
Nov 27 15:39:34 HelloKitty kernel: [    0.001552]  gran_size: 512K 	chunk_size: 2M 	num_reg: 10  	lose cover RAM: 96M
Nov 27 15:39:34 HelloKitty kernel: [    0.001554]  gran_size: 512K 	chunk_size: 4M 	num_reg: 10  	lose cover RAM: 96M
Nov 27 15:39:34 HelloKitty kernel: [    0.001555]  gran_size: 512K 	chunk_size: 8M 	num_reg: 10  	lose cover RAM: 96M
Nov 27 15:39:34 HelloKitty kernel: [    0.001557]  gran_size: 512K 	chunk_size: 16M 	num_reg: 10  	lose cover RAM: 96M
Nov 27 15:39:34 HelloKitty kernel: [    0.001558]  gran_size: 512K 	chunk_size: 32M 	num_reg: 10  	lose cover RAM: 96M
Nov 27 15:39:34 HelloKitty systemd[1]: Mounting Mount unit for gtk-common-themes, revision 1535...
Nov 27 15:39:34 HelloKitty kernel: [    0.001560] *BAD*gran_size: 512K 	chunk_size: 64M 	num_reg: 10  	lose cover RAM: -32M
Nov 27 15:39:34 HelloKitty kernel: [    0.001562] *BAD*gran_size: 512K 	chunk_size: 128M 	num_reg: 10  	lose cover RAM: -32M
Nov 27 15:39:34 HelloKitty kernel: [    0.001563] *BAD*gran_size: 512K 	chunk_size: 256M 	num_reg: 10  	lose cover RAM: -32M
Nov 27 15:39:34 HelloKitty kernel: [    0.001565] *BAD*gran_size: 512K 	chunk_size: 512M 	num_reg: 10  	lose cover RAM: -288M
Nov 27 15:39:34 HelloKitty kernel: [    0.001566] *BAD*gran_size: 512K 	chunk_size: 1G 	num_reg: 10  	lose cover RAM: -256M
Nov 27 15:39:34 HelloKitty kernel: [    0.001568] *BAD*gran_size: 512K 	chunk_size: 2G 	num_reg: 10  	lose cover RAM: -1280M
Nov 27 15:39:34 HelloKitty systemd[1]: Mounting Mount unit for snap-store, revision 959...
Nov 27 15:39:34 HelloKitty systemd[1]: Mounting Mount unit for snapd, revision 19457...
Nov 27 15:39:34 HelloKitty systemd[1]: Mounting Mount unit for snapd, revision 20290...
Nov 27 15:39:34 HelloKitty systemd[1]: Mounting Mount unit for snapd-desktop-integration, revision 83...
Nov 27 15:39:34 HelloKitty systemd[1]: Mounting Mount unit for firefox, revision 2987 via mount-control...
Nov 27 15:39:34 HelloKitty systemd[1]: Starting Rule-based Manager for Device Events and Files...
Nov 27 15:39:34 HelloKitty systemd[1]: Finished Flush Journal to Persistent Storage.
Nov 27 15:39:34 HelloKitty systemd-modules-load[238]: Inserted module 'parport_pc'
Nov 27 15:39:34 HelloKitty systemd[1]: Finished Coldplug All udev Devices.
Nov 27 15:39:34 HelloKitty systemd-modules-load[238]: Inserted module 'msr'
Nov 27 15:39:34 HelloKitty systemd[1]: Mounted Mount unit for bare, revision 5.
Nov 27 15:39:34 HelloKitty kernel: [    0.001569]  gran_size: 1M 	chunk_size: 1M 	num_reg: 10  	lose cover RAM: 96M
Nov 27 15:39:34 HelloKitty systemd[1]: Finished Load Kernel Modules.
Nov 27 15:39:34 HelloKitty kernel: [    0.001571]  gran_size: 1M 	chunk_size: 2M 	num_reg: 10  	lose cover RAM: 96M
Nov 27 15:39:34 HelloKitty kernel: [    0.001573]  gran_size: 1M 	chunk_size: 4M 	num_reg: 10  	lose cover RAM: 96M
Nov 27 15:39:34 HelloKitty systemd[1]: Mounted Mount unit for core20, revision 1974.
Nov 27 15:39:34 HelloKitty kernel: [    0.001574]  gran_size: 1M 	chunk_size: 8M 	num_reg: 10  	lose cover RAM: 96M
Nov 27 15:39:34 HelloKitty kernel: [    0.001576]  gran_size: 1M 	chunk_size: 16M 	num_reg: 10  	lose cover RAM: 96M
Nov 27 15:39:34 HelloKitty kernel: [    0.001577]  gran_size: 1M 	chunk_size: 32M 	num_reg: 10  	lose cover RAM: 96M
Nov 27 15:39:34 HelloKitty kernel: [    0.001579] *BAD*gran_size: 1M 	chunk_size: 64M 	num_reg: 10  	lose cover RAM: -32M
Nov 27 15:39:34 HelloKitty systemd[1]: Mounted Mount unit for core20, revision 2015.
Nov 27 15:39:34 HelloKitty kernel: [    0.001580] *BAD*gran_size: 1M 	chunk_size: 128M 	num_reg: 10  	lose cover RAM: -32M
Nov 27 15:39:34 HelloKitty kernel: [    0.001582] *BAD*gran_size: 1M 	chunk_size: 256M 	num_reg: 10  	lose cover RAM: -32M
Nov 27 15:39:34 HelloKitty kernel: [    0.001583] *BAD*gran_size: 1M 	chunk_size: 512M 	num_reg: 10  	lose cover RAM: -288M
Nov 27 15:39:34 HelloKitty kernel: [    0.001585] *BAD*gran_size: 1M 	chunk_size: 1G 	num_reg: 10  	lose cover RAM: -256M
Nov 27 15:39:34 HelloKitty kernel: [    0.001587] *BAD*gran_size: 1M 	chunk_size: 2G 	num_reg: 10  	lose cover RAM: -1280M
Nov 27 15:39:34 HelloKitty kernel: [    0.001588]  gran_size: 2M 	chunk_size: 2M 	num_reg: 10  	lose cover RAM: 96M
Nov 27 15:39:34 HelloKitty systemd[1]: Mounted Mount unit for core22, revision 858.
Nov 27 15:39:34 HelloKitty kernel: [    0.001590]  gran_size: 2M 	chunk_size: 4M 	num_reg: 10  	lose cover RAM: 96M
Nov 27 15:39:34 HelloKitty kernel: [    0.001591]  gran_size: 2M 	chunk_size: 8M 	num_reg: 10  	lose cover RAM: 96M
Nov 27 15:39:34 HelloKitty kernel: [    0.001593]  gran_size: 2M 	chunk_size: 16M 	num_reg: 10  	lose cover RAM: 96M
Nov 27 15:39:34 HelloKitty kernel: [    0.001594]  gran_size: 2M 	chunk_size: 32M 	num_reg: 10  	lose cover RAM: 96M
Nov 27 15:39:34 HelloKitty kernel: [    0.001596] *BAD*gran_size: 2M 	chunk_size: 64M 	num_reg: 10  	lose cover RAM: -32M
Nov 27 15:39:34 HelloKitty kernel: [    0.001597] *BAD*gran_size: 2M 	chunk_size: 128M 	num_reg: 10  	lose cover RAM: -32M
Nov 27 15:39:34 HelloKitty kernel: [    0.001599] *BAD*gran_size: 2M 	chunk_size: 256M 	num_reg: 10  	lose cover RAM: -32M
Nov 27 15:39:34 HelloKitty kernel: [    0.001600] *BAD*gran_size: 2M 	chunk_size: 512M 	num_reg: 10  	lose cover RAM: -288M
Nov 27 15:39:34 HelloKitty kernel: [    0.001602] *BAD*gran_size: 2M 	chunk_size: 1G 	num_reg: 10  	lose cover RAM: -256M
Nov 27 15:39:34 HelloKitty systemd[1]: Mounted Mount unit for core22, revision 864.
Nov 27 15:39:34 HelloKitty kernel: [    0.001604] *BAD*gran_size: 2M 	chunk_size: 2G 	num_reg: 10  	lose cover RAM: -1280M
Nov 27 15:39:34 HelloKitty kernel: [    0.001605]  gran_size: 4M 	chunk_size: 4M 	num_reg: 10  	lose cover RAM: 96M
Nov 27 15:39:34 HelloKitty kernel: [    0.001607]  gran_size: 4M 	chunk_size: 8M 	num_reg: 10  	lose cover RAM: 96M
Nov 27 15:39:34 HelloKitty kernel: [    0.001608]  gran_size: 4M 	chunk_size: 16M 	num_reg: 10  	lose cover RAM: 96M
Nov 27 15:39:34 HelloKitty systemd[1]: Mounted Mount unit for curl, revision 1754.
Nov 27 15:39:34 HelloKitty kernel: [    0.001610]  gran_size: 4M 	chunk_size: 32M 	num_reg: 10  	lose cover RAM: 96M
Nov 27 15:39:34 HelloKitty kernel: [    0.001611] *BAD*gran_size: 4M 	chunk_size: 64M 	num_reg: 10  	lose cover RAM: -32M
Nov 27 15:39:34 HelloKitty kernel: [    0.001613] *BAD*gran_size: 4M 	chunk_size: 128M 	num_reg: 10  	lose cover RAM: -32M
Nov 27 15:39:34 HelloKitty kernel: [    0.001614] *BAD*gran_size: 4M 	chunk_size: 256M 	num_reg: 10  	lose cover RAM: -32M
Nov 27 15:39:34 HelloKitty kernel: [    0.001616] *BAD*gran_size: 4M 	chunk_size: 512M 	num_reg: 10  	lose cover RAM: -288M
Nov 27 15:39:34 HelloKitty kernel: [    0.001617] *BAD*gran_size: 4M 	chunk_size: 1G 	num_reg: 10  	lose cover RAM: -256M
Nov 27 15:39:34 HelloKitty kernel: [    0.001619] *BAD*gran_size: 4M 	chunk_size: 2G 	num_reg: 10  	lose cover RAM: -1280M
Nov 27 15:39:34 HelloKitty systemd[1]: Mounted Mount unit for firefox, revision 3290.
Nov 27 15:39:34 HelloKitty kernel: [    0.001620]  gran_size: 8M 	chunk_size: 8M 	num_reg: 10  	lose cover RAM: 96M
Nov 27 15:39:34 HelloKitty kernel: [    0.001622]  gran_size: 8M 	chunk_size: 16M 	num_reg: 10  	lose cover RAM: 96M
Nov 27 15:39:34 HelloKitty kernel: [    0.001624]  gran_size: 8M 	chunk_size: 32M 	num_reg: 10  	lose cover RAM: 96M
Nov 27 15:39:34 HelloKitty kernel: [    0.001625] *BAD*gran_size: 8M 	chunk_size: 64M 	num_reg: 10  	lose cover RAM: -32M
Nov 27 15:39:34 HelloKitty kernel: [    0.001627] *BAD*gran_size: 8M 	chunk_size: 128M 	num_reg: 10  	lose cover RAM: -32M
Nov 27 15:39:34 HelloKitty kernel: [    0.001628] *BAD*gran_size: 8M 	chunk_size: 256M 	num_reg: 10  	lose cover RAM: -32M
Nov 27 15:39:34 HelloKitty systemd[1]: Mounted Mount unit for firefox, revision 3358.
Nov 27 15:39:34 HelloKitty kernel: [    0.001630] *BAD*gran_size: 8M 	chunk_size: 512M 	num_reg: 10  	lose cover RAM: -288M
Nov 27 15:39:34 HelloKitty kernel: [    0.001631] *BAD*gran_size: 8M 	chunk_size: 1G 	num_reg: 10  	lose cover RAM: -256M
Nov 27 15:39:34 HelloKitty kernel: [    0.001633] *BAD*gran_size: 8M 	chunk_size: 2G 	num_reg: 10  	lose cover RAM: -1280M
Nov 27 15:39:34 HelloKitty systemd[1]: Mounted Mount unit for gnome-3-38-2004, revision 143.
Nov 27 15:39:34 HelloKitty kernel: [    0.001634]  gran_size: 16M 	chunk_size: 16M 	num_reg: 10  	lose cover RAM: 96M
Nov 27 15:39:34 HelloKitty kernel: [    0.001636]  gran_size: 16M 	chunk_size: 32M 	num_reg: 10  	lose cover RAM: 96M
Nov 27 15:39:34 HelloKitty kernel: [    0.001638] *BAD*gran_size: 16M 	chunk_size: 64M 	num_reg: 10  	lose cover RAM: -32M
Nov 27 15:39:34 HelloKitty kernel: [    0.001639] *BAD*gran_size: 16M 	chunk_size: 128M 	num_reg: 10  	lose cover RAM: -32M
Nov 27 15:39:34 HelloKitty systemd[1]: Mounted Mount unit for gnome-42-2204, revision 120.
Nov 27 15:39:34 HelloKitty kernel: [    0.001641] *BAD*gran_size: 16M 	chunk_size: 256M 	num_reg: 10  	lose cover RAM: -32M
Nov 27 15:39:34 HelloKitty kernel: [    0.001642] *BAD*gran_size: 16M 	chunk_size: 512M 	num_reg: 10  	lose cover RAM: -288M
Nov 27 15:39:34 HelloKitty kernel: [    0.001644] *BAD*gran_size: 16M 	chunk_size: 1G 	num_reg: 10  	lose cover RAM: -256M
Nov 27 15:39:34 HelloKitty kernel: [    0.001645] *BAD*gran_size: 16M 	chunk_size: 2G 	num_reg: 10  	lose cover RAM: -1280M
Nov 27 15:39:34 HelloKitty kernel: [    0.001647]  gran_size: 32M 	chunk_size: 32M 	num_reg: 10  	lose cover RAM: 48M
Nov 27 15:39:34 HelloKitty kernel: [    0.001649] *BAD*gran_size: 32M 	chunk_size: 64M 	num_reg: 10  	lose cover RAM: -16M
Nov 27 15:39:34 HelloKitty systemd[1]: Mounted Mount unit for gnome-42-2204, revision 141.
Nov 27 15:39:34 HelloKitty kernel: [    0.001650] *BAD*gran_size: 32M 	chunk_size: 128M 	num_reg: 10  	lose cover RAM: -16M
Nov 27 15:39:34 HelloKitty kernel: [    0.001652] *BAD*gran_size: 32M 	chunk_size: 256M 	num_reg: 10  	lose cover RAM: -16M
Nov 27 15:39:34 HelloKitty kernel: [    0.001653] *BAD*gran_size: 32M 	chunk_size: 512M 	num_reg: 10  	lose cover RAM: -272M
Nov 27 15:39:34 HelloKitty kernel: [    0.001655] *BAD*gran_size: 32M 	chunk_size: 1G 	num_reg: 10  	lose cover RAM: -240M
Nov 27 15:39:34 HelloKitty kernel: [    0.001656] *BAD*gran_size: 32M 	chunk_size: 2G 	num_reg: 10  	lose cover RAM: -1264M
Nov 27 15:39:34 HelloKitty kernel: [    0.001658]  gran_size: 64M 	chunk_size: 64M 	num_reg: 9  	lose cover RAM: 80M
Nov 27 15:39:34 HelloKitty kernel: [    0.001659]  gran_size: 64M 	chunk_size: 128M 	num_reg: 9  	lose cover RAM: 80M
Nov 27 15:39:34 HelloKitty systemd[1]: Mounted Mount unit for gtk-common-themes, revision 1535.
Nov 27 15:39:34 HelloKitty kernel: [    0.001661]  gran_size: 64M 	chunk_size: 256M 	num_reg: 10  	lose cover RAM: 80M
Nov 27 15:39:34 HelloKitty kernel: [    0.001663] *BAD*gran_size: 64M 	chunk_size: 512M 	num_reg: 10  	lose cover RAM: -176M
Nov 27 15:39:34 HelloKitty kernel: [    0.001664]  gran_size: 64M 	chunk_size: 1G 	num_reg: 10  	lose cover RAM: 80M
Nov 27 15:39:34 HelloKitty kernel: [    0.001666] *BAD*gran_size: 64M 	chunk_size: 2G 	num_reg: 10  	lose cover RAM: -944M
Nov 27 15:39:34 HelloKitty kernel: [    0.001667]  gran_size: 128M 	chunk_size: 128M 	num_reg: 8  	lose cover RAM: 144M
Nov 27 15:39:34 HelloKitty kernel: [    0.001669]  gran_size: 128M 	chunk_size: 256M 	num_reg: 10  	lose cover RAM: 144M
Nov 27 15:39:34 HelloKitty systemd[1]: Mounted Mount unit for snap-store, revision 959.
Nov 27 15:39:34 HelloKitty kernel: [    0.001671] *BAD*gran_size: 128M 	chunk_size: 512M 	num_reg: 10  	lose cover RAM: -112M
Nov 27 15:39:34 HelloKitty kernel: [    0.001672]  gran_size: 128M 	chunk_size: 1G 	num_reg: 10  	lose cover RAM: 144M
Nov 27 15:39:34 HelloKitty kernel: [    0.001674] *BAD*gran_size: 128M 	chunk_size: 2G 	num_reg: 10  	lose cover RAM: -880M
Nov 27 15:39:34 HelloKitty kernel: [    0.001675]  gran_size: 256M 	chunk_size: 256M 	num_reg: 6  	lose cover RAM: 400M
Nov 27 15:39:34 HelloKitty kernel: [    0.001677]  gran_size: 256M 	chunk_size: 512M 	num_reg: 6  	lose cover RAM: 400M
Nov 27 15:39:34 HelloKitty kernel: [    0.001678]  gran_size: 256M 	chunk_size: 1G 	num_reg: 7  	lose cover RAM: 400M
Nov 27 15:39:34 HelloKitty systemd[1]: Mounted Mount unit for snapd, revision 19457.
Nov 27 15:39:34 HelloKitty kernel: [    0.001680]  gran_size: 256M 	chunk_size: 2G 	num_reg: 8  	lose cover RAM: 400M
Nov 27 15:39:34 HelloKitty kernel: [    0.001682]  gran_size: 512M 	chunk_size: 512M 	num_reg: 6  	lose cover RAM: 400M
Nov 27 15:39:34 HelloKitty kernel: [    0.001683]  gran_size: 512M 	chunk_size: 1G 	num_reg: 7  	lose cover RAM: 400M
Nov 27 15:39:34 HelloKitty kernel: [    0.001685]  gran_size: 512M 	chunk_size: 2G 	num_reg: 8  	lose cover RAM: 400M
Nov 27 15:39:34 HelloKitty kernel: [    0.001686]  gran_size: 1G 	chunk_size: 1G 	num_reg: 5  	lose cover RAM: 912M
Nov 27 15:39:34 HelloKitty kernel: [    0.001688]  gran_size: 1G 	chunk_size: 2G 	num_reg: 5  	lose cover RAM: 912M
Nov 27 15:39:34 HelloKitty systemd[1]: Mounted Mount unit for snapd, revision 20290.
Nov 27 15:39:34 HelloKitty kernel: [    0.001689]  gran_size: 2G 	chunk_size: 2G 	num_reg: 4  	lose cover RAM: 1936M
Nov 27 15:39:34 HelloKitty kernel: [    0.001691] mtrr_cleanup: can not find optimal value
Nov 27 15:39:34 HelloKitty kernel: [    0.001691] please specify mtrr_gran_size/mtrr_chunk_size
Nov 27 15:39:34 HelloKitty kernel: [    0.001693] x86/PAT: Configuration [0-7]: WB  WC  UC- UC  WB  WP  UC- WT  
Nov 27 15:39:34 HelloKitty systemd[1]: Mounted Mount unit for snapd-desktop-integration, revision 83.
Nov 27 15:39:34 HelloKitty kernel: [    0.002432] e820: update [mem 0xcb000000-0xffffffff] usable ==> reserved
Nov 27 15:39:34 HelloKitty kernel: [    0.002440] last_pfn = 0xcb000 max_arch_pfn = 0x400000000
Nov 27 15:39:34 HelloKitty kernel: [    0.004754] found SMP MP-table at [mem 0x000f2240-0x000f224f]
Nov 27 15:39:34 HelloKitty kernel: [    0.005748] RAMDISK: [mem 0x2fb21000-0x33d87fff]
Nov 27 15:39:34 HelloKitty systemd[1]: Mounted Mount unit for firefox, revision 2987 via mount-control.
Nov 27 15:39:34 HelloKitty kernel: [    0.005754] ACPI: Early table checksum verification disabled
Nov 27 15:39:34 HelloKitty kernel: [    0.005758] ACPI: RSDP 0x00000000000FE300 000024 (v02 DELL  )
Nov 27 15:39:34 HelloKitty kernel: [    0.005763] ACPI: XSDT 0x00000000CAFFDE18 00007C (v01 DELL   CBX3     06222004 MSFT 00010013)
Nov 27 15:39:34 HelloKitty kernel: [    0.005770] ACPI: FACP 0x00000000CAF87D98 0000F4 (v04 DELL   CBX3     06222004 MSFT 00010013)
Nov 27 15:39:34 HelloKitty kernel: [    0.005777] ACPI: DSDT 0x00000000CAF71018 007581 (v02 INT430 SYSFexxx 00001001 INTL 20090903)
Nov 27 15:39:34 HelloKitty kernel: [    0.005781] ACPI: FACS 0x00000000CAFE4E40 000040
Nov 27 15:39:34 HelloKitty kernel: [    0.005785] ACPI: FACS 0x00000000CAFE4D40 000040
Nov 27 15:39:34 HelloKitty kernel: [    0.005788] ACPI: APIC 0x00000000CAFFCF18 0000CC (v02 DELL   CBX3     06222004 MSFT 00010013)
Nov 27 15:39:34 HelloKitty systemd[1]: Reached target Mounted snaps.
Nov 27 15:39:34 HelloKitty systemd[1]: Starting Apply Kernel Variables...
Nov 27 15:39:34 HelloKitty systemd[1]: Finished Apply Kernel Variables.
Nov 27 15:39:34 HelloKitty systemd[1]: Started Rule-based Manager for Device Events and Files.
Nov 27 15:39:34 HelloKitty systemd[1]: Starting Show Plymouth Boot Screen...
Nov 27 15:39:34 HelloKitty systemd[1]: Received SIGRTMIN+20 from PID 303 (plymouthd).
Nov 27 15:39:34 HelloKitty systemd[1]: Started Show Plymouth Boot Screen.
Nov 27 15:39:34 HelloKitty systemd[1]: Condition check resulted in Dispatch Password Requests to Console Directory Watch being skipped.
Nov 27 15:39:34 HelloKitty systemd[1]: Started Forward Password Requests to Plymouth Directory Watch.
Nov 27 15:39:34 HelloKitty systemd[1]: Reached target Local Encrypted Volumes.
Nov 27 15:39:34 HelloKitty systemd-udevd[290]: Using default interface naming scheme 'v249'.
Nov 27 15:39:34 HelloKitty systemd-udevd[283]: sdb: Process '/usr/bin/unshare -m /usr/bin/snap auto-import --mount=/dev/sdb' failed with exit code 1.
Nov 27 15:39:34 HelloKitty kernel: [    0.005793] ACPI: TCPA 0x00000000CAFE5D18 000032 (v02                 00000000      00000000)
Nov 27 15:39:34 HelloKitty systemd-udevd[293]: sda: Process '/usr/bin/unshare -m /usr/bin/snap auto-import --mount=/dev/sda' failed with exit code 1.
Nov 27 15:39:34 HelloKitty kernel: [    0.005797] ACPI: SSDT 0x00000000CAF88A98 0002F9 (v01 DELLTP TPM      00003000 INTL 20090903)
Nov 27 15:39:34 HelloKitty kernel: [    0.005801] ACPI: MCFG 0x00000000CAFE5C98 00003C (v01 DELL   SNDYBRDG 06222004 MSFT 00000097)
Nov 27 15:39:34 HelloKitty kernel: [    0.005805] ACPI: HPET 0x00000000CAFE5C18 000038 (v01 A M I   PCHHPET 06222004 AMI. 00000003)
Nov 27 15:39:34 HelloKitty kernel: [    0.005809] ACPI: BOOT 0x00000000CAFE5B98 000028 (v01 DELL   CBX3     06222004 AMI  00010013)
Nov 27 15:39:34 HelloKitty kernel: [    0.005813] ACPI: SSDT 0x00000000CAF7E818 0007C2 (v01 PmRef  Cpu0Ist  00003000 INTL 20090903)
Nov 27 15:39:34 HelloKitty systemd-udevd[292]: sdb1: Process '/usr/bin/unshare -m /usr/bin/snap auto-import --mount=/dev/sdb1' failed with exit code 1.
Nov 27 15:39:34 HelloKitty kernel: [    0.005817] ACPI: SSDT 0x00000000CAF7D018 000996 (v01 PmRef  CpuPm    00003000 INTL 20090903)
Nov 27 15:39:34 HelloKitty kernel: [    0.005821] ACPI: DMAR 0x00000000CAF87C18 0000E8 (v01 INTEL  SNB      00000001 INTL 00000001)
Nov 27 15:39:34 HelloKitty kernel: [    0.005825] ACPI: SLIC 0x00000000CAF86C18 000176 (v03 DELL   CBX3     06222004 MSFT 00010013)
Nov 27 15:39:34 HelloKitty kernel: [    0.005829] ACPI: Reserving FACP table memory at [mem 0xcaf87d98-0xcaf87e8b]
Nov 27 15:39:34 HelloKitty systemd-udevd[293]: sda3: Process '/usr/bin/unshare -m /usr/bin/snap auto-import --mount=/dev/sda3' failed with exit code 1.
Nov 27 15:39:34 HelloKitty kernel: [    0.005830] ACPI: Reserving DSDT table memory at [mem 0xcaf71018-0xcaf78598]
Nov 27 15:39:34 HelloKitty kernel: [    0.005831] ACPI: Reserving FACS table memory at [mem 0xcafe4e40-0xcafe4e7f]
Nov 27 15:39:34 HelloKitty kernel: [    0.005832] ACPI: Reserving FACS table memory at [mem 0xcafe4d40-0xcafe4d7f]
Nov 27 15:39:34 HelloKitty kernel: [    0.005833] ACPI: Reserving APIC table memory at [mem 0xcaffcf18-0xcaffcfe3]
Nov 27 15:39:34 HelloKitty kernel: [    0.005834] ACPI: Reserving TCPA table memory at [mem 0xcafe5d18-0xcafe5d49]
Nov 27 15:39:34 HelloKitty kernel: [    0.005835] ACPI: Reserving SSDT table memory at [mem 0xcaf88a98-0xcaf88d90]
Nov 27 15:39:34 HelloKitty systemd-udevd[299]: sda1: Process '/usr/bin/unshare -m /usr/bin/snap auto-import --mount=/dev/sda1' failed with exit code 1.
Nov 27 15:39:34 HelloKitty systemd[1]: Listening on Load/Save RF Kill Switch Status /dev/rfkill Watch.
Nov 27 15:39:34 HelloKitty kernel: [    0.005836] ACPI: Reserving MCFG table memory at [mem 0xcafe5c98-0xcafe5cd3]
Nov 27 15:39:34 HelloKitty systemd-udevd[285]: sr0: Process '/usr/bin/unshare -m /usr/bin/snap auto-import --mount=/dev/sr0' failed with exit code 1.
Nov 27 15:39:34 HelloKitty kernel: [    0.005837] ACPI: Reserving HPET table memory at [mem 0xcafe5c18-0xcafe5c4f]
Nov 27 15:39:34 HelloKitty kernel: [    0.005838] ACPI: Reserving BOOT table memory at [mem 0xcafe5b98-0xcafe5bbf]
Nov 27 15:39:34 HelloKitty kernel: [    0.005838] ACPI: Reserving SSDT table memory at [mem 0xcaf7e818-0xcaf7efd9]
Nov 27 15:39:34 HelloKitty kernel: [    0.005839] ACPI: Reserving SSDT table memory at [mem 0xcaf7d018-0xcaf7d9ad]
Nov 27 15:39:34 HelloKitty kernel: [    0.005840] ACPI: Reserving DMAR table memory at [mem 0xcaf87c18-0xcaf87cff]
Nov 27 15:39:34 HelloKitty kernel: [    0.005841] ACPI: Reserving SLIC table memory at [mem 0xcaf86c18-0xcaf86d8d]
Nov 27 15:39:34 HelloKitty kernel: [    0.005956] No NUMA configuration found
Nov 27 15:39:34 HelloKitty kernel: [    0.005957] Faking a node at [mem 0x0000000000000000-0x000000082dffffff]
Nov 27 15:39:34 HelloKitty kernel: [    0.005967] NODE_DATA(0) allocated [mem 0x82dfbd000-0x82dfe7fff]
Nov 27 15:39:34 HelloKitty kernel: [    0.006195] Zone ranges:
Nov 27 15:39:34 HelloKitty kernel: [    0.006196]   DMA      [mem 0x0000000000001000-0x0000000000ffffff]
Nov 27 15:39:34 HelloKitty kernel: [    0.006198]   DMA32    [mem 0x0000000001000000-0x00000000ffffffff]
Nov 27 15:39:34 HelloKitty systemd-udevd[291]: sda2: Process '/usr/bin/unshare -m /usr/bin/snap auto-import --mount=/dev/sda2' failed with exit code 1.
Nov 27 15:39:34 HelloKitty systemd[1]: Found device SSD_256GB EFI\x20System\x20Partition.
Nov 27 15:39:34 HelloKitty systemd[1]: Starting File System Check on /dev/disk/by-uuid/35AE-4250...
Nov 27 15:39:34 HelloKitty systemd[1]: Condition check resulted in Dispatch Password Requests to Console Directory Watch being skipped.
Nov 27 15:39:34 HelloKitty kernel: [    0.006200]   Normal   [mem 0x0000000100000000-0x000000082dffffff]
Nov 27 15:39:34 HelloKitty kernel: [    0.006202]   Device   empty
Nov 27 15:39:34 HelloKitty systemd[1]: Starting Load Kernel Module efi_pstore...
Nov 27 15:39:34 HelloKitty kernel: [    0.006203] Movable zone start for each node
Nov 27 15:39:34 HelloKitty kernel: [    0.006206] Early memory node ranges
Nov 27 15:39:34 HelloKitty kernel: [    0.006207]   node   0: [mem 0x0000000000001000-0x0000000000090fff]
Nov 27 15:39:34 HelloKitty kernel: [    0.006208]   node   0: [mem 0x0000000000100000-0x000000001fffffff]
Nov 27 15:39:34 HelloKitty kernel: [    0.006209]   node   0: [mem 0x0000000020200000-0x000000003fffffff]
Nov 27 15:39:34 HelloKitty systemd[1]: Condition check resulted in File System Check on Root Device being skipped.
Nov 27 15:39:34 HelloKitty kernel: [    0.006210]   node   0: [mem 0x0000000040200000-0x00000000ca9f7fff]
Nov 27 15:39:34 HelloKitty kernel: [    0.006211]   node   0: [mem 0x00000000caa3c000-0x00000000cadb6fff]
Nov 27 15:39:34 HelloKitty kernel: [    0.006212]   node   0: [mem 0x00000000cafff000-0x00000000caffffff]
Nov 27 15:39:34 HelloKitty kernel: [    0.006213]   node   0: [mem 0x0000000100000000-0x000000082dffffff]
Nov 27 15:39:34 HelloKitty kernel: [    0.006218] Initmem setup node 0 [mem 0x0000000000001000-0x000000082dffffff]
Nov 27 15:39:34 HelloKitty kernel: [    0.006223] On node 0, zone DMA: 1 pages in unavailable ranges
Nov 27 15:39:34 HelloKitty systemd[1]: Started File System Check Daemon to report status.
Nov 27 15:39:34 HelloKitty systemd[1]: modprobe@efi_pstore.service: Deactivated successfully.
Nov 27 15:39:34 HelloKitty kernel: [    0.006243] On node 0, zone DMA: 111 pages in unavailable ranges
Nov 27 15:39:34 HelloKitty kernel: [    0.007950] On node 0, zone DMA32: 512 pages in unavailable ranges
Nov 27 15:39:34 HelloKitty kernel: [    0.011956] On node 0, zone DMA32: 512 pages in unavailable ranges
Nov 27 15:39:34 HelloKitty kernel: [    0.011969] On node 0, zone DMA32: 68 pages in unavailable ranges
Nov 27 15:39:34 HelloKitty kernel: [    0.011976] On node 0, zone DMA32: 584 pages in unavailable ranges
Nov 27 15:39:34 HelloKitty kernel: [    0.065461] On node 0, zone Normal: 20480 pages in unavailable ranges
Nov 27 15:39:34 HelloKitty systemd[1]: Finished Load Kernel Module efi_pstore.
Nov 27 15:39:34 HelloKitty systemd[1]: Condition check resulted in Platform Persistent Storage Archival being skipped.
Nov 27 15:39:34 HelloKitty kernel: [    0.065548] On node 0, zone Normal: 8192 pages in unavailable ranges
Nov 27 15:39:34 HelloKitty kernel: [    0.065555] Reserving Intel graphics memory at [mem 0xcba00000-0xcf9fffff]
Nov 27 15:39:34 HelloKitty kernel: [    0.065681] ACPI: PM-Timer IO Port: 0x408
Nov 27 15:39:34 HelloKitty kernel: [    0.065700] IOAPIC[0]: apic_id 2, version 32, address 0xfec00000, GSI 0-23
Nov 27 15:39:34 HelloKitty kernel: [    0.065703] ACPI: INT_SRC_OVR (bus 0 bus_irq 0 global_irq 2 dfl dfl)
Nov 27 15:39:34 HelloKitty kernel: [    0.065705] ACPI: INT_SRC_OVR (bus 0 bus_irq 9 global_irq 9 high level)
Nov 27 15:39:34 HelloKitty systemd-fsck[418]: fsck.fat 4.2 (2021-01-31)
Nov 27 15:39:34 HelloKitty kernel: [    0.065710] ACPI: Using ACPI (MADT) for SMP configuration information
Nov 27 15:39:34 HelloKitty kernel: [    0.065711] ACPI: HPET id: 0x8086a701 base: 0xfed00000
Nov 27 15:39:34 HelloKitty systemd-fsck[418]: There are differences between boot sector and its backup.
Nov 27 15:39:34 HelloKitty kernel: [    0.065716] TSC deadline timer available
Nov 27 15:39:34 HelloKitty kernel: [    0.065717] smpboot: Allowing 16 CPUs, 12 hotplug CPUs
Nov 27 15:39:34 HelloKitty kernel: [    0.065735] PM: hibernation: Registered nosave memory: [mem 0x00000000-0x00000fff]
Nov 27 15:39:34 HelloKitty kernel: [    0.065737] PM: hibernation: Registered nosave memory: [mem 0x00091000-0x00091fff]
Nov 27 15:39:34 HelloKitty kernel: [    0.065738] PM: hibernation: Registered nosave memory: [mem 0x00092000-0x0009ffff]
Nov 27 15:39:34 HelloKitty systemd-fsck[418]: This is mostly harmless. Differences: (offset:original/backup)
Nov 27 15:39:34 HelloKitty systemd-fsck[418]:   65:01/00
Nov 27 15:39:34 HelloKitty kernel: [    0.065739] PM: hibernation: Registered nosave memory: [mem 0x000a0000-0x000dffff]
Nov 27 15:39:34 HelloKitty kernel: [    0.065740] PM: hibernation: Registered nosave memory: [mem 0x000e0000-0x000fffff]
Nov 27 15:39:34 HelloKitty kernel: [    0.065741] PM: hibernation: Registered nosave memory: [mem 0x20000000-0x201fffff]
Nov 27 15:39:34 HelloKitty kernel: [    0.065743] PM: hibernation: Registered nosave memory: [mem 0x40000000-0x401fffff]
Nov 27 15:39:34 HelloKitty systemd-fsck[418]:   Not automatically fixing this.
Nov 27 15:39:34 HelloKitty kernel: [    0.065745] PM: hibernation: Registered nosave memory: [mem 0xca9f8000-0xcaa3bfff]
Nov 27 15:39:34 HelloKitty kernel: [    0.065746] PM: hibernation: Registered nosave memory: [mem 0xcadb7000-0xcade6fff]
Nov 27 15:39:34 HelloKitty kernel: [    0.065747] PM: hibernation: Registered nosave memory: [mem 0xcade7000-0xcafe6fff]
Nov 27 15:39:34 HelloKitty systemd-fsck[418]: Dirty bit is set. Fs was not properly unmounted and some data may be corrupt.
Nov 27 15:39:34 HelloKitty kernel: [    0.065748] PM: hibernation: Registered nosave memory: [mem 0xcafe7000-0xcaffefff]
Nov 27 15:39:34 HelloKitty systemd-fsck[418]:  Automatically removing dirty bit.
Nov 27 15:39:34 HelloKitty kernel: [    0.065750] PM: hibernation: Registered nosave memory: [mem 0xcb000000-0xcb7fffff]
Nov 27 15:39:34 HelloKitty kernel: [    0.065751] PM: hibernation: Registered nosave memory: [mem 0xcb800000-0xcf9fffff]
Nov 27 15:39:34 HelloKitty kernel: [    0.065751] PM: hibernation: Registered nosave memory: [mem 0xcfa00000-0xfed1bfff]
Nov 27 15:39:34 HelloKitty kernel: [    0.065752] PM: hibernation: Registered nosave memory: [mem 0xfed1c000-0xfed1ffff]
Nov 27 15:39:34 HelloKitty kernel: [    0.065753] PM: hibernation: Registered nosave memory: [mem 0xfed20000-0xffbfffff]
Nov 27 15:39:34 HelloKitty kernel: [    0.065754] PM: hibernation: Registered nosave memory: [mem 0xffc00000-0xffc1ffff]
Nov 27 15:39:34 HelloKitty kernel: [    0.065755] PM: hibernation: Registered nosave memory: [mem 0xffc20000-0xffffffff]
Nov 27 15:39:34 HelloKitty kernel: [    0.065756] [mem 0xcfa00000-0xfed1bfff] available for PCI devices
Nov 27 15:39:34 HelloKitty kernel: [    0.065757] Booting paravirtualized kernel on bare hardware
Nov 27 15:39:34 HelloKitty kernel: [    0.065760] clocksource: refined-jiffies: mask: 0xffffffff max_cycles: 0xffffffff, max_idle_ns: 7645519600211568 ns
Nov 27 15:39:34 HelloKitty systemd-fsck[418]: *** Filesystem was changed ***
Nov 27 15:39:34 HelloKitty kernel: [    0.065768] setup_percpu: NR_CPUS:8192 nr_cpumask_bits:16 nr_cpu_ids:16 nr_node_ids:1
Nov 27 15:39:34 HelloKitty systemd-fsck[418]: Writing changes.
Nov 27 15:39:34 HelloKitty kernel: [    0.066531] percpu: Embedded 62 pages/cpu s217088 r8192 d28672 u262144
Nov 27 15:39:34 HelloKitty kernel: [    0.066539] pcpu-alloc: s217088 r8192 d28672 u262144 alloc=1*2097152
Nov 27 15:39:34 HelloKitty kernel: [    0.066542] pcpu-alloc: [0] 00 01 02 03 04 05 06 07 [0] 08 09 10 11 12 13 14 15 
Nov 27 15:39:34 HelloKitty kernel: [    0.066579] Fallback order for Node 0: 0 
Nov 27 15:39:34 HelloKitty kernel: [    0.066583] Built 1 zonelists, mobility grouping on.  Total pages: 8227406
Nov 27 15:39:34 HelloKitty kernel: [    0.066584] Policy zone: Normal
Nov 27 15:39:34 HelloKitty systemd-fsck[418]: /dev/sda2: 11 files, 1555/131063 clusters
Nov 27 15:39:34 HelloKitty kernel: [    0.066585] Kernel command line: BOOT_IMAGE=/boot/vmlinuz-6.2.0-37-generic root=UUID=78acbc88-969e-4c05-ac07-c2afa21b5097 ro quiet splash vt.handoff=7
Nov 27 15:39:34 HelloKitty systemd[1]: Finished File System Check on /dev/disk/by-uuid/35AE-4250.
Nov 27 15:39:34 HelloKitty kernel: [    0.066668] Unknown kernel command line parameters "splash BOOT_IMAGE=/boot/vmlinuz-6.2.0-37-generic", will be passed to user space.
Nov 27 15:39:34 HelloKitty kernel: [    0.070380] Dentry cache hash table entries: 4194304 (order: 13, 33554432 bytes, linear)
Nov 27 15:39:34 HelloKitty kernel: [    0.072240] Inode-cache hash table entries: 2097152 (order: 12, 16777216 bytes, linear)
Nov 27 15:39:34 HelloKitty kernel: [    0.072520] mem auto-init: stack:off, heap alloc:on, heap free:off
Nov 27 15:39:34 HelloKitty kernel: [    0.072530] software IO TLB: area num 16.
Nov 27 15:39:34 HelloKitty systemd[1]: Mounting /boot/efi...
Nov 27 15:39:34 HelloKitty kernel: [    0.171856] Memory: 32658084K/33432592K available (20480K kernel code, 4153K rwdata, 12732K rodata, 4768K init, 17536K bss, 774248K reserved, 0K cma-reserved)
Nov 27 15:39:34 HelloKitty kernel: [    0.172178] SLUB: HWalign=64, Order=0-3, MinObjects=0, CPUs=16, Nodes=1
Nov 27 15:39:34 HelloKitty systemd[1]: Mounted /boot/efi.
Nov 27 15:39:34 HelloKitty kernel: [    0.172198] Kernel/User page tables isolation: enabled
Nov 27 15:39:34 HelloKitty kernel: [    0.172246] ftrace: allocating 53440 entries in 209 pages
Nov 27 15:39:34 HelloKitty kernel: [    0.181245] ftrace: allocated 209 pages with 4 groups
Nov 27 15:39:34 HelloKitty kernel: [    0.182017] Dynamic Preempt: voluntary
Nov 27 15:39:34 HelloKitty kernel: [    0.182075] rcu: Preemptible hierarchical RCU implementation.
Nov 27 15:39:34 HelloKitty systemd[1]: Reached target Local File Systems.
Nov 27 15:39:34 HelloKitty kernel: [    0.182077] rcu: 	RCU restricting CPUs from NR_CPUS=8192 to nr_cpu_ids=16.
Nov 27 15:39:34 HelloKitty kernel: [    0.182078] 	Trampoline variant of Tasks RCU enabled.
Nov 27 15:39:34 HelloKitty systemd[1]: Starting Load AppArmor profiles...
Nov 27 15:39:34 HelloKitty systemd[1]: Starting Set console font and keymap...
Nov 27 15:39:34 HelloKitty systemd[1]: Starting Tell Plymouth To Write Out Runtime Data...
Nov 27 15:39:34 HelloKitty systemd[1]: Starting Set Up Additional Binary Formats...
Nov 27 15:39:34 HelloKitty systemd[1]: Condition check resulted in Store a System Token in an EFI Variable being skipped.
Nov 27 15:39:34 HelloKitty systemd[1]: Condition check resulted in Commit a transient machine-id on disk being skipped.
Nov 27 15:39:34 HelloKitty systemd[1]: Starting Create Volatile Files and Directories...
Nov 27 15:39:34 HelloKitty systemd[1]: Starting Uncomplicated firewall...
Nov 27 15:39:34 HelloKitty systemd[1]: Finished Set console font and keymap.
Nov 27 15:39:34 HelloKitty systemd[1]: proc-sys-fs-binfmt_misc.automount: Got automount request for /proc/sys/fs/binfmt_misc, triggered by 429 (systemd-binfmt)
Nov 27 15:39:34 HelloKitty systemd[1]: Received SIGRTMIN+20 from PID 303 (plymouthd).
Nov 27 15:39:34 HelloKitty systemd[1]: Mounting Arbitrary Executable File Formats File System...
Nov 27 15:39:34 HelloKitty systemd[1]: Finished Tell Plymouth To Write Out Runtime Data.
Nov 27 15:39:34 HelloKitty apparmor.systemd[424]: Restarting AppArmor
Nov 27 15:39:34 HelloKitty apparmor.systemd[424]: Reloading AppArmor profiles
Nov 27 15:39:34 HelloKitty kernel: [    0.182079] 	Rude variant of Tasks RCU enabled.
Nov 27 15:39:34 HelloKitty kernel: [    0.182079] 	Tracing variant of Tasks RCU enabled.
Nov 27 15:39:34 HelloKitty kernel: [    0.182080] rcu: RCU calculated value of scheduler-enlistment delay is 25 jiffies.
Nov 27 15:39:34 HelloKitty kernel: [    0.182081] rcu: Adjusting geometry for rcu_fanout_leaf=16, nr_cpu_ids=16
Nov 27 15:39:34 HelloKitty systemd[1]: Mounted Arbitrary Executable File Formats File System.
Nov 27 15:39:34 HelloKitty systemd[1]: Finished Set Up Additional Binary Formats.
Nov 27 15:39:34 HelloKitty kernel: [    0.185290] NR_IRQS: 524544, nr_irqs: 552, preallocated irqs: 16
Nov 27 15:39:34 HelloKitty kernel: [    0.185481] rcu: srcu_init: Setting srcu_struct sizes based on contention.
Nov 27 15:39:34 HelloKitty kernel: [    0.185561] Console: colour dummy device 80x25
Nov 27 15:39:34 HelloKitty kernel: [    0.185563] printk: console [tty0] enabled
Nov 27 15:39:34 HelloKitty kernel: [    0.185638] ACPI: Core revision 20221020
Nov 27 15:39:34 HelloKitty kernel: [    0.185738] clocksource: hpet: mask: 0xffffffff max_cycles: 0xffffffff, max_idle_ns: 133484882848 ns
Nov 27 15:39:34 HelloKitty apparmor.systemd[559]: Skipping profile in /etc/apparmor.d/disable: usr.sbin.rsyslogd
Nov 27 15:39:34 HelloKitty kernel: [    0.185754] APIC: Switch to symmetric I/O mode setup
Nov 27 15:39:34 HelloKitty kernel: [    0.185756] DMAR: Host address width 36
Nov 27 15:39:34 HelloKitty kernel: [    0.185757] DMAR: DRHD base: 0x000000fed90000 flags: 0x0
Nov 27 15:39:34 HelloKitty kernel: [    0.185763] DMAR: dmar0: reg_base_addr fed90000 ver 1:0 cap c0000020e60262 ecap f0101a
Nov 27 15:39:34 HelloKitty kernel: [    0.185766] DMAR: DRHD base: 0x000000fed91000 flags: 0x1
Nov 27 15:39:34 HelloKitty kernel: [    0.185769] DMAR: dmar1: reg_base_addr fed91000 ver 1:0 cap c9008020660262 ecap f0105a
Nov 27 15:39:34 HelloKitty systemd[1]: Finished Load AppArmor profiles.
Nov 27 15:39:34 HelloKitty kernel: [    0.185771] DMAR: RMRR base: 0x000000cadc6000 end: 0x000000cadd5fff
Nov 27 15:39:34 HelloKitty systemd[1]: Starting Load AppArmor profiles managed internally by snapd...
Nov 27 15:39:34 HelloKitty kernel: [    0.185772] DMAR: RMRR base: 0x000000cb800000 end: 0x000000cf9fffff
Nov 27 15:39:34 HelloKitty kernel: [    0.185775] DMAR-IR: IOAPIC id 2 under DRHD base  0xfed91000 IOMMU 1
Nov 27 15:39:34 HelloKitty kernel: [    0.185776] DMAR-IR: HPET id 0 under DRHD base 0xfed91000
Nov 27 15:39:34 HelloKitty kernel: [    0.185777] DMAR-IR: Queued invalidation will be enabled to support x2apic and Intr-remapping.
Nov 27 15:39:34 HelloKitty kernel: [    0.186251] DMAR-IR: Enabled IRQ remapping in x2apic mode
Nov 27 15:39:34 HelloKitty systemd[1]: Finished Create Volatile Files and Directories.
Nov 27 15:39:34 HelloKitty kernel: [    0.186254] x2apic enabled
Nov 27 15:39:34 HelloKitty systemd[1]: Starting Userspace Out-Of-Memory (OOM) Killer...
Nov 27 15:39:34 HelloKitty kernel: [    0.186262] Switched APIC routing to cluster x2apic.
Nov 27 15:39:34 HelloKitty kernel: [    0.186692] ..TIMER: vector=0x30 apic1=0 pin1=2 apic2=-1 pin2=-1
Nov 27 15:39:34 HelloKitty systemd[1]: Starting Network Name Resolution...
